Archive member included to satisfy reference by file (symbol)

/usr/lib/gap_riscv_toolchain/bin/../lib/gcc/riscv32-unknown-elf/7.1.1/rv32imcxgap8/ilp32/libgcc.a(_bswapsi2.o)
                              /home/xieyifan/gap/gap_sdk/examples/pmsis/helloworld/BUILD/GAP8_V2/GCC_RISCV_FREERTOS//home/xieyifan/gap/gap_sdk/rtos/pmsis/pmsis_bsp/fs/lfs/lfs.o (__bswapsi2)
/usr/lib/gap_riscv_toolchain/bin/../lib/gcc/riscv32-unknown-elf/7.1.1/rv32imcxgap8/ilp32/libgcc.a(_udivdi3.o)
                              /home/xieyifan/gap/gap_sdk/examples/pmsis/helloworld/BUILD/GAP8_V2/GCC_RISCV_FREERTOS//home/xieyifan/gap/gap_sdk/rtos/freeRTOS/vendors/gwt/pmsis/backend/pmsis_backend_native_task_api.o (__udivdi3)
/usr/lib/gap_riscv_toolchain/bin/../lib/gcc/riscv32-unknown-elf/7.1.1/rv32imcxgap8/ilp32/libgcc.a(adddf3.o)
                              /home/xieyifan/gap/gap_sdk/examples/pmsis/helloworld/BUILD/GAP8_V2/GCC_RISCV_FREERTOS//home/xieyifan/gap/gap_sdk/rtos/freeRTOS/vendors/gwt/libs/printf/printf.o (__adddf3)
/usr/lib/gap_riscv_toolchain/bin/../lib/gcc/riscv32-unknown-elf/7.1.1/rv32imcxgap8/ilp32/libgcc.a(divdf3.o)
                              /home/xieyifan/gap/gap_sdk/examples/pmsis/helloworld/BUILD/GAP8_V2/GCC_RISCV_FREERTOS//home/xieyifan/gap/gap_sdk/rtos/freeRTOS/vendors/gwt/libs/printf/printf.o (__divdf3)
/usr/lib/gap_riscv_toolchain/bin/../lib/gcc/riscv32-unknown-elf/7.1.1/rv32imcxgap8/ilp32/libgcc.a(eqdf2.o)
                              /home/xieyifan/gap/gap_sdk/examples/pmsis/helloworld/BUILD/GAP8_V2/GCC_RISCV_FREERTOS//home/xieyifan/gap/gap_sdk/rtos/freeRTOS/vendors/gwt/libs/printf/printf.o (__nedf2)
/usr/lib/gap_riscv_toolchain/bin/../lib/gcc/riscv32-unknown-elf/7.1.1/rv32imcxgap8/ilp32/libgcc.a(gedf2.o)
                              /home/xieyifan/gap/gap_sdk/examples/pmsis/helloworld/BUILD/GAP8_V2/GCC_RISCV_FREERTOS//home/xieyifan/gap/gap_sdk/rtos/freeRTOS/vendors/gwt/libs/printf/printf.o (__gedf2)
/usr/lib/gap_riscv_toolchain/bin/../lib/gcc/riscv32-unknown-elf/7.1.1/rv32imcxgap8/ilp32/libgcc.a(ledf2.o)
                              /home/xieyifan/gap/gap_sdk/examples/pmsis/helloworld/BUILD/GAP8_V2/GCC_RISCV_FREERTOS//home/xieyifan/gap/gap_sdk/rtos/freeRTOS/vendors/gwt/libs/printf/printf.o (__ltdf2)
/usr/lib/gap_riscv_toolchain/bin/../lib/gcc/riscv32-unknown-elf/7.1.1/rv32imcxgap8/ilp32/libgcc.a(muldf3.o)
                              /home/xieyifan/gap/gap_sdk/examples/pmsis/helloworld/BUILD/GAP8_V2/GCC_RISCV_FREERTOS//home/xieyifan/gap/gap_sdk/rtos/freeRTOS/vendors/gwt/libs/printf/printf.o (__muldf3)
/usr/lib/gap_riscv_toolchain/bin/../lib/gcc/riscv32-unknown-elf/7.1.1/rv32imcxgap8/ilp32/libgcc.a(subdf3.o)
                              /home/xieyifan/gap/gap_sdk/examples/pmsis/helloworld/BUILD/GAP8_V2/GCC_RISCV_FREERTOS//home/xieyifan/gap/gap_sdk/rtos/freeRTOS/vendors/gwt/libs/printf/printf.o (__subdf3)
/usr/lib/gap_riscv_toolchain/bin/../lib/gcc/riscv32-unknown-elf/7.1.1/rv32imcxgap8/ilp32/libgcc.a(fixdfsi.o)
                              /home/xieyifan/gap/gap_sdk/examples/pmsis/helloworld/BUILD/GAP8_V2/GCC_RISCV_FREERTOS//home/xieyifan/gap/gap_sdk/rtos/freeRTOS/vendors/gwt/libs/printf/printf.o (__fixdfsi)
/usr/lib/gap_riscv_toolchain/bin/../lib/gcc/riscv32-unknown-elf/7.1.1/rv32imcxgap8/ilp32/libgcc.a(fixunsdfsi.o)
                              /home/xieyifan/gap/gap_sdk/examples/pmsis/helloworld/BUILD/GAP8_V2/GCC_RISCV_FREERTOS//home/xieyifan/gap/gap_sdk/rtos/freeRTOS/vendors/gwt/libs/printf/printf.o (__fixunsdfsi)
/usr/lib/gap_riscv_toolchain/bin/../lib/gcc/riscv32-unknown-elf/7.1.1/rv32imcxgap8/ilp32/libgcc.a(floatsidf.o)
                              /home/xieyifan/gap/gap_sdk/examples/pmsis/helloworld/BUILD/GAP8_V2/GCC_RISCV_FREERTOS//home/xieyifan/gap/gap_sdk/rtos/freeRTOS/vendors/gwt/libs/printf/printf.o (__floatsidf)
/usr/lib/gap_riscv_toolchain/bin/../lib/gcc/riscv32-unknown-elf/7.1.1/rv32imcxgap8/ilp32/libgcc.a(floatunsidf.o)
                              /home/xieyifan/gap/gap_sdk/examples/pmsis/helloworld/BUILD/GAP8_V2/GCC_RISCV_FREERTOS//home/xieyifan/gap/gap_sdk/rtos/freeRTOS/vendors/gwt/libs/printf/printf.o (__floatunsidf)
/usr/lib/gap_riscv_toolchain/bin/../lib/gcc/riscv32-unknown-elf/7.1.1/rv32imcxgap8/ilp32/libgcc.a(divsf3.o)
                              /home/xieyifan/gap/gap_sdk/examples/pmsis/helloworld/BUILD/GAP8_V2/GCC_RISCV_FREERTOS//home/xieyifan/gap/gap_sdk/rtos/freeRTOS/vendors/gwt/gap8/pmsis/drivers/timer/timer.o (__divsf3)
/usr/lib/gap_riscv_toolchain/bin/../lib/gcc/riscv32-unknown-elf/7.1.1/rv32imcxgap8/ilp32/libgcc.a(mulsf3.o)
                              /home/xieyifan/gap/gap_sdk/examples/pmsis/helloworld/BUILD/GAP8_V2/GCC_RISCV_FREERTOS//home/xieyifan/gap/gap_sdk/rtos/freeRTOS/vendors/gwt/gap8/pmsis/drivers/timer/timer.o (__mulsf3)
/usr/lib/gap_riscv_toolchain/bin/../lib/gcc/riscv32-unknown-elf/7.1.1/rv32imcxgap8/ilp32/libgcc.a(fixunssfsi.o)
[...]
Memory Configuration

Name             Origin             Length             Attributes
FC_tcdm          0x000000001b000000 0x0000000000004000
fc_tcdm_aliased  0x0000000000000004 0x0000000000003ffc
L2               0x000000001c000000 0x0000000000080000
L1_sram          0x0000000010000000 0x0000000000010000
*default*        0x0000000000000000 0xffffffffffffffff

Linker script and memory map

LOAD /home/xieyifan/gap/gap_sdk/examples/pmsis/helloworld/BUILD/GAP8_V2/GCC_RISCV_FREERTOS/helloworld.o
LOAD /home/xieyifan/gap/gap_sdk/examples/pmsis/helloworld/BUILD/GAP8_V2/GCC_RISCV_FREERTOS//home/xieyifan/gap/gap_sdk/rtos/freeRTOS/vendors/gwt/gap8/src/device/startup_gap8.o
LOAD /home/xieyifan/gap/gap_sdk/examples/pmsis/helloworld/BUILD/GAP8_V2/GCC_RISCV_FREERTOS//home/xieyifan/gap/gap_sdk/rtos/freeRTOS/vendors/gwt/gap8/src/device/gap8_iet.o
LOAD /home/xieyifan/gap/gap_sdk/examples/pmsis/helloworld/BUILD/GAP8_V2/GCC_RISCV_FREERTOS//home/xieyifan/gap/gap_sdk/rtos/freeRTOS/vendors/gwt/gap8/pmsis/cluster/drivers/cluster_synchronisation/cluster_core.o
LOAD /home/xieyifan/gap/gap_sdk/examples/pmsis/helloworld/BUILD/GAP8_V2/GCC_RISCV_FREERTOS//home/xieyifan/gap/gap_sdk/rtos/freeRTOS/vendors/gwt/gap8/pmsis/util/asm_util.o
LOAD /home/xieyifan/gap/gap_sdk/examples/pmsis/helloworld/BUILD/GAP8_V2/GCC_RISCV_FREERTOS//home/xieyifan/gap/gap_sdk/rtos/freeRTOS/freertos_kernel/portable/GCC/RI5CY-GAP8/port_asm.o
LOAD /home/xieyifan/gap/gap_sdk/examples/pmsis/helloworld/BUILD/GAP8_V2/GCC_RISCV_FREERTOS//home/xieyifan/gap/gap_sdk/rtos/freeRTOS/vendors/gwt/gap8/src/device/gap8_it.o
LOAD /home/xieyifan/gap/gap_sdk/examples/pmsis/helloworld/BUILD/GAP8_V2/GCC_RISCV_FREERTOS//home/xieyifan/gap/gap_sdk/rtos/freeRTOS/vendors/gwt/gap8/src/device/system_gap8.o
LOAD /home/xieyifan/gap/gap_sdk/examples/pmsis/helloworld/BUILD/GAP8_V2/GCC_RISCV_FREERTOS//home/xieyifan/gap/gap_sdk/rtos/freeRTOS/vendors/gwt/gap8/src/driver/gap_io.o
LOAD /home/xieyifan/gap/gap_sdk/examples/pmsis/helloworld/BUILD/GAP8_V2/GCC_RISCV_FREERTOS//home/xieyifan/gap/gap_sdk/rtos/freeRTOS/vendors/gwt/libs/src/stdlib.o
LOAD /home/xieyifan/gap/gap_sdk/examples/pmsis/helloworld/BUILD/GAP8_V2/GCC_RISCV_FREERTOS//home/xieyifan/gap/gap_sdk/rtos/freeRTOS/vendors/gwt/libs/src/errno.o
LOAD /home/xieyifan/gap/gap_sdk/examples/pmsis/helloworld/BUILD/GAP8_V2/GCC_RISCV_FREERTOS//home/xieyifan/gap/gap_sdk/rtos/freeRTOS/vendors/gwt/libs/src/string.o
LOAD /home/xieyifan/gap/gap_sdk/examples/pmsis/helloworld/BUILD/GAP8_V2/GCC_RISCV_FREERTOS//home/xieyifan/gap/gap_sdk/rtos/freeRTOS/vendors/gwt/gap8/pmsis/cluster/malloc/cl_malloc.o
LOAD /home/xieyifan/gap/gap_sdk/examples/pmsis/helloworld/BUILD/GAP8_V2/GCC_RISCV_FREERTOS//home/xieyifan/gap/gap_sdk/rtos/freeRTOS/vendors/gwt/gap8/pmsis/cluster/drivers/cluster_synchronisation/cl_to_fc_delegate.o
LOAD /home/xieyifan/gap/gap_sdk/examples/pmsis/helloworld/BUILD/GAP8_V2/GCC_RISCV_FREERTOS//home/xieyifan/gap/gap_sdk/rtos/freeRTOS/vendors/gwt/gap8/pmsis/cluster/drivers/cluster_synchronisation/fc_to_cl_delegate.o
LOAD /home/xieyifan/gap/gap_sdk/examples/pmsis/helloworld/BUILD/GAP8_V2/GCC_RISCV_FREERTOS//home/xieyifan/gap/gap_sdk/rtos/freeRTOS/vendors/gwt/gap8/pmsis/cluster/drivers/cluster_team/cl_team.o
LOAD /home/xieyifan/gap/gap_sdk/examples/pmsis/helloworld/BUILD/GAP8_V2/GCC_RISCV_FREERTOS//home/xieyifan/gap/gap_sdk/rtos/freeRTOS/vendors/gwt/gap8/pmsis/cluster/drivers/delegate/hyperbus/hyperbus_cl_internal.o
LOAD /home/xieyifan/gap/gap_sdk/examples/pmsis/helloworld/BUILD/GAP8_V2/GCC_RISCV_FREERTOS//home/xieyifan/gap/gap_sdk/rtos/freeRTOS/vendors/gwt/gap8/pmsis/cluster/drivers/delegate/uart/uart_cl_internal.o
LOAD /home/xieyifan/gap/gap_sdk/examples/pmsis/helloworld/BUILD/GAP8_V2/GCC_RISCV_FREERTOS//home/xieyifan/gap/gap_sdk/rtos/freeRTOS/vendors/gwt/gap8/pmsis/cluster/drivers/dma/cl_dma_irq.o
LOAD /home/xieyifan/gap/gap_sdk/examples/pmsis/helloworld/BUILD/GAP8_V2/GCC_RISCV_FREERTOS//home/xieyifan/gap/gap_sdk/rtos/freeRTOS/vendors/gwt/gap8/pmsis/drivers/fc_event/fc_event.o
LOAD /home/xieyifan/gap/gap_sdk/examples/pmsis/helloworld/BUILD/GAP8_V2/GCC_RISCV_FREERTOS//home/xieyifan/gap/gap_sdk/rtos/freeRTOS/vendors/gwt/gap8/pmsis/drivers/fll/fll.o
LOAD /home/xieyifan/gap/gap_sdk/examples/pmsis/helloworld/BUILD/GAP8_V2/GCC_RISCV_FREERTOS//home/xieyifan/gap/gap_sdk/rtos/freeRTOS/vendors/gwt/gap8/pmsis/drivers/gpio/gpio.o
LOAD /home/xieyifan/gap/gap_sdk/examples/pmsis/helloworld/BUILD/GAP8_V2/GCC_RISCV_FREERTOS//home/xieyifan/gap/gap_sdk/rtos/freeRTOS/vendors/gwt/gap8/pmsis/drivers/pad/pad.o
LOAD /home/xieyifan/gap/gap_sdk/examples/pmsis/helloworld/BUILD/GAP8_V2/GCC_RISCV_FREERTOS//home/xieyifan/gap/gap_sdk/rtos/freeRTOS/vendors/gwt/gap8/pmsis/drivers/pmu/pmu.o
LOAD /home/xieyifan/gap/gap_sdk/examples/pmsis/helloworld/BUILD/GAP8_V2/GCC_RISCV_FREERTOS//home/xieyifan/gap/gap_sdk/rtos/freeRTOS/vendors/gwt/gap8/pmsis/drivers/pmu/pmu_internal.o
LOAD /home/xieyifan/gap/gap_sdk/examples/pmsis/helloworld/BUILD/GAP8_V2/GCC_RISCV_FREERTOS//home/xieyifan/gap/gap_sdk/rtos/freeRTOS/vendors/gwt/gap8/pmsis/drivers/pwm/pwm.o
LOAD /home/xieyifan/gap/gap_sdk/examples/pmsis/helloworld/BUILD/GAP8_V2/GCC_RISCV_FREERTOS//home/xieyifan/gap/gap_sdk/rtos/freeRTOS/vendors/gwt/gap8/pmsis/drivers/pwm/pwm_internal.o
LOAD /home/xieyifan/gap/gap_sdk/examples/pmsis/helloworld/BUILD/GAP8_V2/GCC_RISCV_FREERTOS//home/xieyifan/gap/gap_sdk/rtos/freeRTOS/vendors/gwt/gap8/pmsis/drivers/rtc/rtc.o
LOAD /home/xieyifan/gap/gap_sdk/examples/pmsis/helloworld/BUILD/GAP8_V2/GCC_RISCV_FREERTOS//home/xieyifan/gap/gap_sdk/rtos/freeRTOS/vendors/gwt/gap8/pmsis/drivers/rtc/rtc_internal.o
LOAD /home/xieyifan/gap/gap_sdk/examples/pmsis/helloworld/BUILD/GAP8_V2/GCC_RISCV_FREERTOS//home/xieyifan/gap/gap_sdk/rtos/freeRTOS/vendors/gwt/gap8/pmsis/drivers/timer/timer.o
LOAD /home/xieyifan/gap/gap_sdk/examples/pmsis/helloworld/BUILD/GAP8_V2/GCC_RISCV_FREERTOS//home/xieyifan/gap/gap_sdk/rtos/freeRTOS/vendors/gwt/gap8/pmsis/drivers/udma/hyperbus/hyperbus.o
LOAD /home/xieyifan/gap/gap_sdk/examples/pmsis/helloworld/BUILD/GAP8_V2/GCC_RISCV_FREERTOS//home/xieyifan/gap/gap_sdk/rtos/freeRTOS/vendors/gwt/gap8/pmsis/drivers/udma/hyperbus/hyperbus_internal.o
LOAD /home/xieyifan/gap/gap_sdk/examples/pmsis/helloworld/BUILD/GAP8_V2/GCC_RISCV_FREERTOS//home/xieyifan/gap/gap_sdk/rtos/freeRTOS/vendors/gwt/gap8/pmsis/drivers/udma/cpi/cpi.o
LOAD /home/xieyifan/gap/gap_sdk/examples/pmsis/helloworld/BUILD/GAP8_V2/GCC_RISCV_FREERTOS//home/xieyifan/gap/gap_sdk/rtos/freeRTOS/vendors/gwt/gap8/pmsis/drivers/udma/cpi/cpi_internal.o
LOAD /home/xieyifan/gap/gap_sdk/examples/pmsis/helloworld/BUILD/GAP8_V2/GCC_RISCV_FREERTOS//home/xieyifan/gap/gap_sdk/rtos/freeRTOS/vendors/gwt/gap8/pmsis/drivers/udma/dmacpy/dmacpy.o
LOAD /home/xieyifan/gap/gap_sdk/examples/pmsis/helloworld/BUILD/GAP8_V2/GCC_RISCV_FREERTOS//home/xieyifan/gap/gap_sdk/rtos/freeRTOS/vendors/gwt/gap8/pmsis/drivers/udma/dmacpy/dmacpy_internal.o
LOAD /home/xieyifan/gap/gap_sdk/examples/pmsis/helloworld/BUILD/GAP8_V2/GCC_RISCV_FREERTOS//home/xieyifan/gap/gap_sdk/rtos/freeRTOS/vendors/gwt/gap8/pmsis/drivers/udma/i2c/i2c.o
LOAD /home/xieyifan/gap/gap_sdk/examples/pmsis/helloworld/BUILD/GAP8_V2/GCC_RISCV_FREERTOS//home/xieyifan/gap/gap_sdk/rtos/freeRTOS/vendors/gwt/gap8/pmsis/drivers/udma/i2c/i2c_internal.o
LOAD /home/xieyifan/gap/gap_sdk/examples/pmsis/helloworld/BUILD/GAP8_V2/GCC_RISCV_FREERTOS//home/xieyifan/gap/gap_sdk/rtos/freeRTOS/vendors/gwt/gap8/pmsis/drivers/udma/i2s/i2s.o
LOAD /home/xieyifan/gap/gap_sdk/examples/pmsis/helloworld/BUILD/GAP8_V2/GCC_RISCV_FREERTOS//home/xieyifan/gap/gap_sdk/rtos/freeRTOS/vendors/gwt/gap8/pmsis/drivers/udma/i2s/i2s_internal.o
LOAD /home/xieyifan/gap/gap_sdk/examples/pmsis/helloworld/BUILD/GAP8_V2/GCC_RISCV_FREERTOS//home/xieyifan/gap/gap_sdk/rtos/freeRTOS/vendors/gwt/gap8/pmsis/drivers/udma/spi/spi.o
LOAD /home/xieyifan/gap/gap_sdk/examples/pmsis/helloworld/BUILD/GAP8_V2/GCC_RISCV_FREERTOS//home/xieyifan/gap/gap_sdk/rtos/freeRTOS/vendors/gwt/gap8/pmsis/drivers/udma/spi/spi_internal.o
LOAD /home/xieyifan/gap/gap_sdk/examples/pmsis/helloworld/BUILD/GAP8_V2/GCC_RISCV_FREERTOS//home/xieyifan/gap/gap_sdk/rtos/freeRTOS/vendors/gwt/gap8/pmsis/drivers/udma/uart/uart.o
LOAD /home/xieyifan/gap/gap_sdk/examples/pmsis/helloworld/BUILD/GAP8_V2/GCC_RISCV_FREERTOS//home/xieyifan/gap/gap_sdk/rtos/freeRTOS/vendors/gwt/gap8/pmsis/drivers/udma/uart/uart_internal.o
LOAD /home/xieyifan/gap/gap_sdk/examples/pmsis/helloworld/BUILD/GAP8_V2/GCC_RISCV_FREERTOS//home/xieyifan/gap/gap_sdk/rtos/pmsis/pmsis_bsp/flash/flash.o
LOAD /home/xieyifan/gap/gap_sdk/examples/pmsis/helloworld/BUILD/GAP8_V2/GCC_RISCV_FREERTOS//home/xieyifan/gap/gap_sdk/rtos/pmsis/pmsis_bsp/partition/partition.o
LOAD /home/xieyifan/gap/gap_sdk/examples/pmsis/helloworld/BUILD/GAP8_V2/GCC_RISCV_FREERTOS//home/xieyifan/gap/gap_sdk/rtos/pmsis/pmsis_bsp/partition/flash_partition.o
LOAD /home/xieyifan/gap/gap_sdk/examples/pmsis/helloworld/BUILD/GAP8_V2/GCC_RISCV_FREERTOS//home/xieyifan/gap/gap_sdk/rtos/pmsis/pmsis_bsp/crc/md5.o
LOAD /home/xieyifan/gap/gap_sdk/examples/pmsis/helloworld/BUILD/GAP8_V2/GCC_RISCV_FREERTOS//home/xieyifan/gap/gap_sdk/rtos/pmsis/pmsis_bsp/fs/fs.o
LOAD /home/xieyifan/gap/gap_sdk/examples/pmsis/helloworld/BUILD/GAP8_V2/GCC_RISCV_FREERTOS//home/xieyifan/gap/gap_sdk/rtos/pmsis/pmsis_bsp/fs/lfs/lfs.o
LOAD /home/xieyifan/gap/gap_sdk/examples/pmsis/helloworld/BUILD/GAP8_V2/GCC_RISCV_FREERTOS//home/xieyifan/gap/gap_sdk/rtos/pmsis/pmsis_bsp/fs/lfs/lfs_util.o
LOAD /home/xieyifan/gap/gap_sdk/examples/pmsis/helloworld/BUILD/GAP8_V2/GCC_RISCV_FREERTOS//home/xieyifan/gap/gap_sdk/rtos/pmsis/pmsis_bsp/fs/lfs/pi_lfs.o
LOAD /home/xieyifan/gap/gap_sdk/examples/pmsis/helloworld/BUILD/GAP8_V2/GCC_RISCV_FREERTOS//home/xieyifan/gap/gap_sdk/rtos/pmsis/pmsis_bsp/fs/read_fs/read_fs.o
LOAD /home/xieyifan/gap/gap_sdk/examples/pmsis/helloworld/BUILD/GAP8_V2/GCC_RISCV_FREERTOS//home/xieyifan/gap/gap_sdk/rtos/pmsis/pmsis_bsp/fs/host_fs/host_fs.o
LOAD /home/xieyifan/gap/gap_sdk/examples/pmsis/helloworld/BUILD/GAP8_V2/GCC_RISCV_FREERTOS//home/xieyifan/gap/gap_sdk/rtos/pmsis/pmsis_bsp/ota/ota.o
LOAD /home/xieyifan/gap/gap_sdk/examples/pmsis/helloworld/BUILD/GAP8_V2/GCC_RISCV_FREERTOS//home/xieyifan/gap/gap_sdk/rtos/pmsis/pmsis_bsp/ota/ota_utility.o
LOAD /home/xieyifan/gap/gap_sdk/examples/pmsis/helloworld/BUILD/GAP8_V2/GCC_RISCV_FREERTOS//home/xieyifan/gap/gap_sdk/rtos/pmsis/pmsis_bsp/ota/updater.o
LOAD /home/xieyifan/gap/gap_sdk/examples/pmsis/helloworld/BUILD/GAP8_V2/GCC_RISCV_FREERTOS//home/xieyifan/gap/gap_sdk/rtos/pmsis/pmsis_bsp/bootloader/bootloader_utility.o
LOAD /home/xieyifan/gap/gap_sdk/examples/pmsis/helloworld/BUILD/GAP8_V2/GCC_RISCV_FREERTOS//home/xieyifan/gap/gap_sdk/rtos/pmsis/pmsis_bsp/bsp/ai_deck.o
LOAD /home/xieyifan/gap/gap_sdk/examples/pmsis/helloworld/BUILD/GAP8_V2/GCC_RISCV_FREERTOS//home/xieyifan/gap/gap_sdk/rtos/pmsis/pmsis_bsp/camera/camera.o
LOAD /home/xieyifan/gap/gap_sdk/examples/pmsis/helloworld/BUILD/GAP8_V2/GCC_RISCV_FREERTOS//home/xieyifan/gap/gap_sdk/rtos/pmsis/pmsis_bsp/camera/himax/himax.o
LOAD /home/xieyifan/gap/gap_sdk/examples/pmsis/helloworld/BUILD/GAP8_V2/GCC_RISCV_FREERTOS//home/xieyifan/gap/gap_sdk/rtos/pmsis/pmsis_bsp/flash/hyperflash/hyperflash.o
LOAD /home/xieyifan/gap/gap_sdk/examples/pmsis/helloworld/BUILD/GAP8_V2/GCC_RISCV_FREERTOS//home/xieyifan/gap/gap_sdk/rtos/pmsis/pmsis_bsp/ram/hyperram/hyperram.o
LOAD /home/xieyifan/gap/gap_sdk/examples/pmsis/helloworld/BUILD/GAP8_V2/GCC_RISCV_FREERTOS//home/xieyifan/gap/gap_sdk/rtos/pmsis/pmsis_bsp/ram/spiram/spiram.o
LOAD /home/xieyifan/gap/gap_sdk/examples/pmsis/helloworld/BUILD/GAP8_V2/GCC_RISCV_FREERTOS//home/xieyifan/gap/gap_sdk/rtos/pmsis/pmsis_bsp/flash/spiflash/spiflash.o
LOAD /home/xieyifan/gap/gap_sdk/examples/pmsis/helloworld/BUILD/GAP8_V2/GCC_RISCV_FREERTOS//home/xieyifan/gap/gap_sdk/rtos/pmsis/pmsis_bsp/ram/ram.o
LOAD /home/xieyifan/gap/gap_sdk/examples/pmsis/helloworld/BUILD/GAP8_V2/GCC_RISCV_FREERTOS//home/xieyifan/gap/gap_sdk/rtos/pmsis/pmsis_bsp/ram/alloc_extern.o
LOAD /home/xieyifan/gap/gap_sdk/examples/pmsis/helloworld/BUILD/GAP8_V2/GCC_RISCV_FREERTOS//home/xieyifan/gap/gap_sdk/rtos/freeRTOS/vendors/gwt/pmsis/rtos/pi_log.o
LOAD /home/xieyifan/gap/gap_sdk/examples/pmsis/helloworld/BUILD/GAP8_V2/GCC_RISCV_FREERTOS//home/xieyifan/gap/gap_sdk/rtos/freeRTOS/vendors/gwt/pmsis/rtos/event_kernel/event_kernel.o
LOAD /home/xieyifan/gap/gap_sdk/examples/pmsis/helloworld/BUILD/GAP8_V2/GCC_RISCV_FREERTOS//home/xieyifan/gap/gap_sdk/rtos/freeRTOS/vendors/gwt/pmsis/rtos/malloc/cl_l1_malloc.o
LOAD /home/xieyifan/gap/gap_sdk/examples/pmsis/helloworld/BUILD/GAP8_V2/GCC_RISCV_FREERTOS//home/xieyifan/gap/gap_sdk/rtos/freeRTOS/vendors/gwt/pmsis/rtos/malloc/fc_l1_malloc.o
LOAD /home/xieyifan/gap/gap_sdk/examples/pmsis/helloworld/BUILD/GAP8_V2/GCC_RISCV_FREERTOS//home/xieyifan/gap/gap_sdk/rtos/freeRTOS/vendors/gwt/pmsis/rtos/malloc/l2_malloc.o
LOAD /home/xieyifan/gap/gap_sdk/examples/pmsis/helloworld/BUILD/GAP8_V2/GCC_RISCV_FREERTOS//home/xieyifan/gap/gap_sdk/rtos/freeRTOS/vendors/gwt/pmsis/rtos/malloc/malloc_external.o
LOAD /home/xieyifan/gap/gap_sdk/examples/pmsis/helloworld/BUILD/GAP8_V2/GCC_RISCV_FREERTOS//home/xieyifan/gap/gap_sdk/rtos/freeRTOS/vendors/gwt/pmsis/rtos/malloc/malloc_internal.o
LOAD /home/xieyifan/gap/gap_sdk/examples/pmsis/helloworld/BUILD/GAP8_V2/GCC_RISCV_FREERTOS//home/xieyifan/gap/gap_sdk/rtos/freeRTOS/vendors/gwt/pmsis/rtos/malloc/pi_malloc.o
LOAD /home/xieyifan/gap/gap_sdk/examples/pmsis/helloworld/BUILD/GAP8_V2/GCC_RISCV_FREERTOS//home/xieyifan/gap/gap_sdk/rtos/freeRTOS/vendors/gwt/pmsis/rtos/mem_slab/mem_slab.o
LOAD /home/xieyifan/gap/gap_sdk/examples/pmsis/helloworld/BUILD/GAP8_V2/GCC_RISCV_FREERTOS//home/xieyifan/gap/gap_sdk/rtos/freeRTOS/vendors/gwt/pmsis/rtos/os/device.o
LOAD /home/xieyifan/gap/gap_sdk/examples/pmsis/helloworld/BUILD/GAP8_V2/GCC_RISCV_FREERTOS//home/xieyifan/gap/gap_sdk/rtos/freeRTOS/vendors/gwt/pmsis/rtos/os/pmsis_task.o
LOAD /home/xieyifan/gap/gap_sdk/examples/pmsis/helloworld/BUILD/GAP8_V2/GCC_RISCV_FREERTOS//home/xieyifan/gap/gap_sdk/rtos/freeRTOS/vendors/gwt/pmsis/backend/pmsis_backend_native_task_api.o
LOAD /home/xieyifan/gap/gap_sdk/examples/pmsis/helloworld/BUILD/GAP8_V2/GCC_RISCV_FREERTOS//home/xieyifan/gap/gap_sdk/rtos/freeRTOS/freertos_kernel/portable/GCC/RI5CY-GAP8/port.o
LOAD /home/xieyifan/gap/gap_sdk/examples/pmsis/helloworld/BUILD/GAP8_V2/GCC_RISCV_FREERTOS//home/xieyifan/gap/gap_sdk/rtos/freeRTOS/vendors/gwt/libs/printf/printf.o
LOAD /home/xieyifan/gap/gap_sdk/examples/pmsis/helloworld/BUILD/GAP8_V2/GCC_RISCV_FREERTOS//home/xieyifan/gap/gap_sdk/rtos/freeRTOS/freertos_kernel/list.o
LOAD /home/xieyifan/gap/gap_sdk/examples/pmsis/helloworld/BUILD/GAP8_V2/GCC_RISCV_FREERTOS//home/xieyifan/gap/gap_sdk/rtos/freeRTOS/freertos_kernel/queue.o
LOAD /home/xieyifan/gap/gap_sdk/examples/pmsis/helloworld/BUILD/GAP8_V2/GCC_RISCV_FREERTOS//home/xieyifan/gap/gap_sdk/rtos/freeRTOS/freertos_kernel/tasks.o
LOAD /home/xieyifan/gap/gap_sdk/examples/pmsis/helloworld/BUILD/GAP8_V2/GCC_RISCV_FREERTOS//home/xieyifan/gap/gap_sdk/rtos/freeRTOS/freertos_kernel/timers.o
LOAD /home/xieyifan/gap/gap_sdk/examples/pmsis/helloworld/BUILD/GAP8_V2/GCC_RISCV_FREERTOS//home/xieyifan/gap/gap_sdk/rtos/freeRTOS/freertos_kernel/event_groups.o
LOAD /home/xieyifan/gap/gap_sdk/examples/pmsis/helloworld/BUILD/GAP8_V2/GCC_RISCV_FREERTOS//home/xieyifan/gap/gap_sdk/rtos/freeRTOS/freertos_kernel/stream_buffer.o
LOAD /home/xieyifan/gap/gap_sdk/examples/pmsis/helloworld/BUILD/GAP8_V2/GCC_RISCV_FREERTOS//home/xieyifan/gap/gap_sdk/rtos/freeRTOS/demos/gwt/config/gap8/FreeRTOS_util.o
LOAD /usr/lib/gap_riscv_toolchain/bin/../lib/gcc/riscv32-unknown-elf/7.1.1/rv32imcxgap8/ilp32/libgcc.a
                0x0000000000000000                __DYNAMIC = 0x0
                0x0000000000001000                __STACK_FC_SIZE = 0x1000
                0x0000000000000400                __STACK_IRQ_SIZE = 0x400

.l1FcTiny       0x000000001b000000        0x0
                0x000000001b000000                . = ALIGN (0x4)
                0x000000001b000000                __l1FcShared_start = .
 *(.l1FcTiny)
 *(.l1FcTiny.*)
                0x000000001b000000                . = ALIGN (0x4)
                0x000000001b000000                __l1FcShared_end = .
                0x0000000000000000                __l1FcShared_size = (__l1FcShared_end - __l1FcShared_start)

.fcTcdmTiny     0x0000000000000004        0xc load address 0x000000001b000000
 *(.fcTcdmTiny)
 .fcTcdmTiny    0x0000000000000004        0xc /home/xieyifan/gap/gap_sdk/examples/pmsis/helloworld/BUILD/GAP8_V2/GCC_RISCV_FREERTOS//home/xieyifan/gap/gap_sdk/rtos/freeRTOS/vendors/gwt/gap8/pmsis/drivers/udma/hyperbus/hyperbus_internal.o
                0x0000000000000004                __global_hyper_driver_fifo
                0x0000000000000008                __global_hyper_fifo_head
                0x000000000000000c                __global_hyper_fifo_tail
 *(.fcTcdmTiny.*)

.fcTcdm
 *(.fcTcdm)
 *(.fcTcdm.*)

.fcTcdm_g       0x000000001b00000c      0x5bc
                0x000000001b000010                . = ALIGN (0x8)
 *fill*         0x000000001b00000c        0x4 
                0x000000001b000010                __fc_tcdm_g_start = .
 *(.fcTcdm_g)
 .fcTcdm_g      0x000000001b000010      0x264 /home/xieyifan/gap/gap_sdk/examples/pmsis/helloworld/BUILD/GAP8_V2/GCC_RISCV_FREERTOS//home/xieyifan/gap/gap_sdk/rtos/freeRTOS/vendors/gwt/gap8/pmsis/cluster/drivers/cluster_synchronisation/cl_to_fc_delegate.o
                0x000000001b000010                delegate_task
                0x000000001b000270                delegate_task_mask
 .fcTcdm_g      0x000000001b000274       0xe4 /home/xieyifan/gap/gap_sdk/examples/pmsis/helloworld/BUILD/GAP8_V2/GCC_RISCV_FREERTOS//home/xieyifan/gap/gap_sdk/rtos/freeRTOS/vendors/gwt/gap8/pmsis/drivers/fc_event/fc_event.o
 .fcTcdm_g      0x000000001b000358        0x4 /home/xieyifan/gap/gap_sdk/examples/pmsis/helloworld/BUILD/GAP8_V2/GCC_RISCV_FREERTOS//home/xieyifan/gap/gap_sdk/rtos/freeRTOS/vendors/gwt/pmsis/rtos/event_kernel/event_kernel.o
                0x000000001b000358                default_sched
 .fcTcdm_g      0x000000001b00035c       0x10 /home/xieyifan/gap/gap_sdk/examples/pmsis/helloworld/BUILD/GAP8_V2/GCC_RISCV_FREERTOS//home/xieyifan/gap/gap_sdk/rtos/freeRTOS/vendors/gwt/pmsis/backend/pmsis_backend_native_task_api.o
                0x000000001b00035c                delayed_task
                0x000000001b000364                timer_task
 .fcTcdm_g      0x000000001b00036c      0x258 /home/xieyifan/gap/gap_sdk/examples/pmsis/helloworld/BUILD/GAP8_V2/GCC_RISCV_FREERTOS//home/xieyifan/gap/gap_sdk/rtos/freeRTOS/demos/gwt/config/gap8/FreeRTOS_util.o
 *(.fcTcdm_g.*)
                0x000000001b0005c8                . = ALIGN (0x8)
 *fill*         0x000000001b0005c4        0x4 
                0x000000001b0005c8                __fc_tcdm_g_end = .

.stack_irq      0x000000001b0005c8      0x400
                0x000000001b0005c8                . = ALIGN (0x4)
                0x000000001b0005c8                __stack_irq_end__ = .
                0x000000001b0009c8                . = (. + __STACK_IRQ_SIZE)
 *fill*         0x000000001b0005c8      0x400 
                0x000000001b0009c8                __stack_irq_start__ = .

.heapfcram      0x000000001b0009c8     0x1000
                0x000000001b0009c8                . = ALIGN (0x8)
 *(.heapfcram)
 *(.heapfcram.*)
                0x000000001b0009c8                . = ALIGN (0x8)
                0x000000001b0009c8                __heapfcram_start = .
                0x000000001b0009c8                __stack_fc_end__ = .
                0x000000001b0019c8                . = (. + __STACK_FC_SIZE)
 *fill*         0x000000001b0009c8     0x1000 
                0x000000001b0019c8                __stack_fc_start__ = .
                0x0000000000003638                __heapfcram_size = ((ORIGIN (FC_tcdm) + LENGTH (FC_tcdm)) - __heapfcram_start)

.vectors_irq    0x000000001c000000       0x94
                0x000000001c000000                . = ALIGN (0x100)
                0x000000001c000000                __irq_vector_base_m__ = .
 *(.vectors_irq)
 .vectors_irq   0x000000001c000000       0x94 /home/xieyifan/gap/gap_sdk/examples/pmsis/helloworld/BUILD/GAP8_V2/GCC_RISCV_FREERTOS//home/xieyifan/gap/gap_sdk/rtos/freeRTOS/vendors/gwt/gap8/src/device/startup_gap8.o
                0x000000001c000090                __rt_debug_struct_ptr

.text           0x000000001c000094     0x91d0
                0x000000001c000094                . = ALIGN (0x4)
                0x000000001c000094                _stext = .
 *(.text.reset)
 .text.reset    0x000000001c000094       0x7e /home/xieyifan/gap/gap_sdk/examples/pmsis/helloworld/BUILD/GAP8_V2/GCC_RISCV_FREERTOS//home/xieyifan/gap/gap_sdk/rtos/freeRTOS/vendors/gwt/gap8/src/device/startup_gap8.o
                0x000000001c000094                reset_handler
 *(.text)
 .text          0x000000001c000112      0x2c8 /home/xieyifan/gap/gap_sdk/examples/pmsis/helloworld/BUILD/GAP8_V2/GCC_RISCV_FREERTOS//home/xieyifan/gap/gap_sdk/rtos/freeRTOS/vendors/gwt/gap8/src/device/gap8_iet.o
                0x000000001c000112                default_handler
                0x000000001c000116                cluster_notify_fc_handler
                0x000000001c00014e                pendSV_handler
                0x000000001c0001be                systick_handler
                0x000000001c00023a                hi_res_timer_handler
                0x000000001c000272                fc_event_handler
                0x000000001c0002aa                fc_hyper_handler
                0x000000001c000358                dma_irq_handler
                0x000000001c000380                ecall_handler
                0x000000001c0003d2                ill_ins_handler
 .text          0x000000001c0003da      0x126 /home/xieyifan/gap/gap_sdk/examples/pmsis/helloworld/BUILD/GAP8_V2/GCC_RISCV_FREERTOS//home/xieyifan/gap/gap_sdk/rtos/freeRTOS/vendors/gwt/gap8/pmsis/cluster/drivers/cluster_synchronisation/cluster_core.o
                0x000000001c0003da                cluster_exec_loop
                0x000000001c0004f2                cl_slave_stack_setup
 .text          0x000000001c000500       0xd8 /home/xieyifan/gap/gap_sdk/examples/pmsis/helloworld/BUILD/GAP8_V2/GCC_RISCV_FREERTOS//home/xieyifan/gap/gap_sdk/rtos/freeRTOS/vendors/gwt/gap8/pmsis/util/asm_util.o
                0x000000001c000500                ASM_FUNC_SAVE_MINIMAL_CONTEXT
                0x000000001c000544                ASM_FUNC_RESTORE_MINIMAL_CONTEXT
                0x000000001c000588                ASM_FUNC_SAVE_SAVE_CONTEXT
                0x000000001c0005a2                ASM_FUNC_RESTORE_SAVE_CONTEXT
                0x000000001c0005bc                ASM_FUNC_SAVE_CSR_CONTEXT
                0x000000001c0005ca                ASM_FUNC_RESTORE_CSR_CONTEXT
 .text          0x000000001c0005d8       0x8e /home/xieyifan/gap/gap_sdk/examples/pmsis/helloworld/BUILD/GAP8_V2/GCC_RISCV_FREERTOS//home/xieyifan/gap/gap_sdk/rtos/freeRTOS/freertos_kernel/portable/GCC/RI5CY-GAP8/port_asm.o
                0x000000001c0005d8                xPortStartScheduler
 .text          0x000000001c000666       0x64 /home/xieyifan/gap/gap_sdk/examples/pmsis/helloworld/BUILD/GAP8_V2/GCC_RISCV_FREERTOS//home/xieyifan/gap/gap_sdk/rtos/freeRTOS/vendors/gwt/gap8/pmsis/drivers/fc_event/fc_event.o
                0x000000001c000666                fc_soc_event_handler
 .text          0x000000001c0006ca       0xe8 /home/xieyifan/gap/gap_sdk/examples/pmsis/helloworld/BUILD/GAP8_V2/GCC_RISCV_FREERTOS//home/xieyifan/gap/gap_sdk/rtos/freeRTOS/vendors/gwt/gap8/pmsis/drivers/udma/hyperbus/hyperbus_internal.o
                0x000000001c0006ca                hyper_handler
 .text          0x000000001c0007b2      0x5fe /usr/lib/gap_riscv_toolchain/bin/../lib/gcc/riscv32-unknown-elf/7.1.1/rv32imcxgap8/ilp32/libgcc.a(adddf3.o)
                0x000000001c0007b2                __adddf3
 .text          0x000000001c000db0      0x4d2 /usr/lib/gap_riscv_toolchain/bin/../lib/gcc/riscv32-unknown-elf/7.1.1/rv32imcxgap8/ilp32/libgcc.a(divdf3.o)
                0x000000001c000db0                __divdf3
 .text          0x000000001c001282       0x60 /usr/lib/gap_riscv_toolchain/bin/../lib/gcc/riscv32-unknown-elf/7.1.1/rv32imcxgap8/ilp32/libgcc.a(eqdf2.o)
                0x000000001c001282                __eqdf2
                0x000000001c001282                __nedf2
 .text          0x000000001c0012e2       0xae /usr/lib/gap_riscv_toolchain/bin/../lib/gcc/riscv32-unknown-elf/7.1.1/rv32imcxgap8/ilp32/libgcc.a(gedf2.o)
                0x000000001c0012e2                __gtdf2
                0x000000001c0012e2                __gedf2
 .text          0x000000001c001390       0xae /usr/lib/gap_riscv_toolchain/bin/../lib/gcc/riscv32-unknown-elf/7.1.1/rv32imcxgap8/ilp32/libgcc.a(ledf2.o)
                0x000000001c001390                __ltdf2
                0x000000001c001390                __ledf2
 .text          0x000000001c00143e      0x43a /usr/lib/gap_riscv_toolchain/bin/../lib/gcc/riscv32-unknown-elf/7.1.1/rv32imcxgap8/ilp32/libgcc.a(muldf3.o)
                0x000000001c00143e                __muldf3
 .text          0x000000001c001878      0x612 /usr/lib/gap_riscv_toolchain/bin/../lib/gcc/riscv32-unknown-elf/7.1.1/rv32imcxgap8/ilp32/libgcc.a(subdf3.o)
                0x000000001c001878                __subdf3
 .text          0x000000001c001e8a       0x5c /usr/lib/gap_riscv_toolchain/bin/../lib/gcc/riscv32-unknown-elf/7.1.1/rv32imcxgap8/ilp32/libgcc.a(fixdfsi.o)
                0x000000001c001e8a                __fixdfsi
 .text          0x000000001c001ee6       0x52 /usr/lib/gap_riscv_toolchain/bin/../lib/gcc/riscv32-unknown-elf/7.1.1/rv32imcxgap8/ilp32/libgcc.a(fixunsdfsi.o)
                0x000000001c001ee6                __fixunsdfsi
 .text          0x000000001c001f38       0x58 /usr/lib/gap_riscv_toolchain/bin/../lib/gcc/riscv32-unknown-elf/7.1.1/rv32imcxgap8/ilp32/libgcc.a(floatsidf.o)
                0x000000001c001f38                __floatsidf
 .text          0x000000001c001f90       0x4c /usr/lib/gap_riscv_toolchain/bin/../lib/gcc/riscv32-unknown-elf/7.1.1/rv32imcxgap8/ilp32/libgcc.a(floatunsidf.o)
                0x000000001c001f90                __floatunsidf
 *(.text.*)
 .text.__native_core_id
                0x000000001c001fdc       0x14 /home/xieyifan/gap/gap_sdk/examples/pmsis/helloworld/BUILD/GAP8_V2/GCC_RISCV_FREERTOS/helloworld.o
 .text.__native_cluster_id
                0x000000001c001ff0       0x16 /home/xieyifan/gap/gap_sdk/examples/pmsis/helloworld/BUILD/GAP8_V2/GCC_RISCV_FREERTOS/helloworld.o
 .text.hal_compiler_barrier
                0x000000001c002006        0x4 /home/xieyifan/gap/gap_sdk/examples/pmsis/helloworld/BUILD/GAP8_V2/GCC_RISCV_FREERTOS/helloworld.o
 .text.hal_write32
                0x000000001c00200a       0x1a /home/xieyifan/gap/gap_sdk/examples/pmsis/helloworld/BUILD/GAP8_V2/GCC_RISCV_FREERTOS/helloworld.o
 .text.hal_read32
                0x000000001c002024       0x1a /home/xieyifan/gap/gap_sdk/examples/pmsis/helloworld/BUILD/GAP8_V2/GCC_RISCV_FREERTOS/helloworld.o
 .text.pi_core_id
                0x000000001c00203e       0x10 /home/xieyifan/gap/gap_sdk/examples/pmsis/helloworld/BUILD/GAP8_V2/GCC_RISCV_FREERTOS/helloworld.o
 .text.pi_cluster_id
                0x000000001c00204e       0x10 /home/xieyifan/gap/gap_sdk/examples/pmsis/helloworld/BUILD/GAP8_V2/GCC_RISCV_FREERTOS/helloworld.o
 .text.pi_cl_cluster_nb_cores
                0x000000001c00205e        0x6 /home/xieyifan/gap/gap_sdk/examples/pmsis/helloworld/BUILD/GAP8_V2/GCC_RISCV_FREERTOS/helloworld.o
 .text.hal_cl_eu_dispatch_fifo_push
                0x000000001c002064       0x20 /home/xieyifan/gap/gap_sdk/examples/pmsis/helloworld/BUILD/GAP8_V2/GCC_RISCV_FREERTOS/helloworld.o
 .text.hal_cl_eu_dispatch_team_config
                0x000000001c002084       0x22 /home/xieyifan/gap/gap_sdk/examples/pmsis/helloworld/BUILD/GAP8_V2/GCC_RISCV_FREERTOS/helloworld.o
 .text.hal_cl_eu_barrier_addr_get
                0x000000001c0020a6       0x16 /home/xieyifan/gap/gap_sdk/examples/pmsis/helloworld/BUILD/GAP8_V2/GCC_RISCV_FREERTOS/helloworld.o
 .text.hal_cl_eu_barrier_setup
                0x000000001c0020bc       0x22 /home/xieyifan/gap/gap_sdk/examples/pmsis/helloworld/BUILD/GAP8_V2/GCC_RISCV_FREERTOS/helloworld.o
 .text.hal_cl_eu_barrier_team_get
                0x000000001c0020de       0x18 /home/xieyifan/gap/gap_sdk/examples/pmsis/helloworld/BUILD/GAP8_V2/GCC_RISCV_FREERTOS/helloworld.o
 .text.hal_cl_eu_barrier_trigger_wait_clear
                0x000000001c0020f6       0x16 /home/xieyifan/gap/gap_sdk/examples/pmsis/helloworld/BUILD/GAP8_V2/GCC_RISCV_FREERTOS/helloworld.o
 .text.__os_native_exit
                0x000000001c00210c        0xc /home/xieyifan/gap/gap_sdk/examples/pmsis/helloworld/BUILD/GAP8_V2/GCC_RISCV_FREERTOS/helloworld.o
 .text.pmsis_kickoff
                0x000000001c002118       0x16 /home/xieyifan/gap/gap_sdk/examples/pmsis/helloworld/BUILD/GAP8_V2/GCC_RISCV_FREERTOS/helloworld.o
 .text.pmsis_exit
                0x000000001c00212e       0x12 /home/xieyifan/gap/gap_sdk/examples/pmsis/helloworld/BUILD/GAP8_V2/GCC_RISCV_FREERTOS/helloworld.o
 .text.pi_cluster_task
                0x000000001c002140       0x44 /home/xieyifan/gap/gap_sdk/examples/pmsis/helloworld/BUILD/GAP8_V2/GCC_RISCV_FREERTOS/helloworld.o
 .text.__pi_cl_team_barrier_sync_set
                0x000000001c002184       0x1a /home/xieyifan/gap/gap_sdk/examples/pmsis/helloworld/BUILD/GAP8_V2/GCC_RISCV_FREERTOS/helloworld.o
 .text.__pi_cl_team_barrier_sync_wait_clear
                0x000000001c00219e       0x16 /home/xieyifan/gap/gap_sdk/examples/pmsis/helloworld/BUILD/GAP8_V2/GCC_RISCV_FREERTOS/helloworld.o
 .text.__pi_cl_team_config_set
                0x000000001c0021b4       0x38 /home/xieyifan/gap/gap_sdk/examples/pmsis/helloworld/BUILD/GAP8_V2/GCC_RISCV_FREERTOS/helloworld.o
 .text.__pi_cl_team_dispatch
                0x000000001c0021ec       0x1c /home/xieyifan/gap/gap_sdk/examples/pmsis/helloworld/BUILD/GAP8_V2/GCC_RISCV_FREERTOS/helloworld.o
 .text.pi_cl_team_fork
                0x000000001c002208       0x50 /home/xieyifan/gap/gap_sdk/examples/pmsis/helloworld/BUILD/GAP8_V2/GCC_RISCV_FREERTOS/helloworld.o
 .text.cluster_helloworld
                0x000000001c002258       0x26 /home/xieyifan/gap/gap_sdk/examples/pmsis/helloworld/BUILD/GAP8_V2/GCC_RISCV_FREERTOS/helloworld.o
                0x000000001c002258                cluster_helloworld
 .text.cluster_delegate
                0x000000001c00227e       0x38 /home/xieyifan/gap/gap_sdk/examples/pmsis/helloworld/BUILD/GAP8_V2/GCC_RISCV_FREERTOS/helloworld.o
                0x000000001c00227e                cluster_delegate
 .text.helloworld
                0x000000001c0022b6       0x9a /home/xieyifan/gap/gap_sdk/examples/pmsis/helloworld/BUILD/GAP8_V2/GCC_RISCV_FREERTOS/helloworld.o
                0x000000001c0022b6                helloworld
 .text.main     0x000000001c002350       0x24 /home/xieyifan/gap/gap_sdk/examples/pmsis/helloworld/BUILD/GAP8_V2/GCC_RISCV_FREERTOS/helloworld.o
                0x000000001c002350                main
 .text.__native_core_id
                0x000000001c002374       0x14 /home/xieyifan/gap/gap_sdk/examples/pmsis/helloworld/BUILD/GAP8_V2/GCC_RISCV_FREERTOS//home/xieyifan/gap/gap_sdk/rtos/freeRTOS/vendors/gwt/gap8/src/device/gap8_it.o
 .text.__native_cluster_id
                0x000000001c002388       0x16 /home/xieyifan/gap/gap_sdk/examples/pmsis/helloworld/BUILD/GAP8_V2/GCC_RISCV_FREERTOS//home/xieyifan/gap/gap_sdk/rtos/freeRTOS/vendors/gwt/gap8/src/device/gap8_it.o
 .text.hal_compiler_barrier
                0x000000001c00239e        0x4 /home/xieyifan/gap/gap_sdk/examples/pmsis/helloworld/BUILD/GAP8_V2/GCC_RISCV_FREERTOS//home/xieyifan/gap/gap_sdk/rtos/freeRTOS/vendors/gwt/gap8/src/device/gap8_it.o
 .text.hal_write32
                0x000000001c0023a2       0x1a /home/xieyifan/gap/gap_sdk/examples/pmsis/helloworld/BUILD/GAP8_V2/GCC_RISCV_FREERTOS//home/xieyifan/gap/gap_sdk/rtos/freeRTOS/vendors/gwt/gap8/src/device/gap8_it.o
 .text.pi_core_id
                0x000000001c0023bc       0x10 /home/xieyifan/gap/gap_sdk/examples/pmsis/helloworld/BUILD/GAP8_V2/GCC_RISCV_FREERTOS//home/xieyifan/gap/gap_sdk/rtos/freeRTOS/vendors/gwt/gap8/src/device/gap8_it.o
 .text.pi_cluster_id
                0x000000001c0023cc       0x10 /home/xieyifan/gap/gap_sdk/examples/pmsis/helloworld/BUILD/GAP8_V2/GCC_RISCV_FREERTOS//home/xieyifan/gap/gap_sdk/rtos/freeRTOS/vendors/gwt/gap8/src/device/gap8_it.o
 .text.hal_eu_fc_evt_trig_set
                0x000000001c0023dc       0x26 /home/xieyifan/gap/gap_sdk/examples/pmsis/helloworld/BUILD/GAP8_V2/GCC_RISCV_FREERTOS//home/xieyifan/gap/gap_sdk/rtos/freeRTOS/vendors/gwt/gap8/src/device/gap8_it.o
 .text.pi_log_write
                0x000000001c002402       0x48 /home/xieyifan/gap/gap_sdk/examples/pmsis/helloworld/BUILD/GAP8_V2/GCC_RISCV_FREERTOS//home/xieyifan/gap/gap_sdk/rtos/freeRTOS/vendors/gwt/gap8/src/device/gap8_it.o
 .text.__os_native_exit
                0x000000001c00244a        0xc /home/xieyifan/gap/gap_sdk/examples/pmsis/helloworld/BUILD/GAP8_V2/GCC_RISCV_FREERTOS//home/xieyifan/gap/gap_sdk/rtos/freeRTOS/vendors/gwt/gap8/src/device/gap8_it.o
 .text.pmsis_exit
                0x000000001c002456       0x12 /home/xieyifan/gap/gap_sdk/examples/pmsis/helloworld/BUILD/GAP8_V2/GCC_RISCV_FREERTOS//home/xieyifan/gap/gap_sdk/rtos/freeRTOS/vendors/gwt/gap8/src/device/gap8_it.o
 .text.vSetPendSV
                0x000000001c002468       0x12 /home/xieyifan/gap/gap_sdk/examples/pmsis/helloworld/BUILD/GAP8_V2/GCC_RISCV_FREERTOS//home/xieyifan/gap/gap_sdk/rtos/freeRTOS/vendors/gwt/gap8/src/device/gap8_it.o
                0x000000001c002468                vSetPendSV
 .text._procid  0x000000001c00247a       0x1a /home/xieyifan/gap/gap_sdk/examples/pmsis/helloworld/BUILD/GAP8_V2/GCC_RISCV_FREERTOS//home/xieyifan/gap/gap_sdk/rtos/freeRTOS/vendors/gwt/gap8/src/device/gap8_it.o
                0x000000001c00247a                _procid
 .text._clusterid
                0x000000001c002494       0x18 /home/xieyifan/gap/gap_sdk/examples/pmsis/helloworld/BUILD/GAP8_V2/GCC_RISCV_FREERTOS//home/xieyifan/gap/gap_sdk/rtos/freeRTOS/vendors/gwt/gap8/src/device/gap8_it.o
                0x000000001c002494                _clusterid
 .text._isr_default
                0x000000001c0024ac       0x46 /home/xieyifan/gap/gap_sdk/examples/pmsis/helloworld/BUILD/GAP8_V2/GCC_RISCV_FREERTOS//home/xieyifan/gap/gap_sdk/rtos/freeRTOS/vendors/gwt/gap8/src/device/gap8_it.o
                0x000000001c0024ac                _isr_default
 .text._ill_insn_print
                0x000000001c0024f2       0x40 /home/xieyifan/gap/gap_sdk/examples/pmsis/helloworld/BUILD/GAP8_V2/GCC_RISCV_FREERTOS//home/xieyifan/gap/gap_sdk/rtos/freeRTOS/vendors/gwt/gap8/src/device/gap8_it.o
                0x000000001c0024f2                _ill_insn_print
 .text.__NVIC_EnableIRQ
                0x000000001c002532       0x26 /home/xieyifan/gap/gap_sdk/examples/pmsis/helloworld/BUILD/GAP8_V2/GCC_RISCV_FREERTOS//home/xieyifan/gap/gap_sdk/rtos/freeRTOS/vendors/gwt/gap8/src/device/system_gap8.o
 .text.__native_cluster_id
                0x000000001c002558       0x16 /home/xieyifan/gap/gap_sdk/examples/pmsis/helloworld/BUILD/GAP8_V2/GCC_RISCV_FREERTOS//home/xieyifan/gap/gap_sdk/rtos/freeRTOS/vendors/gwt/gap8/src/device/system_gap8.o
 .text.__native_is_fc
                0x000000001c00256e       0x1a /home/xieyifan/gap/gap_sdk/examples/pmsis/helloworld/BUILD/GAP8_V2/GCC_RISCV_FREERTOS//home/xieyifan/gap/gap_sdk/rtos/freeRTOS/vendors/gwt/gap8/src/device/system_gap8.o
 .text.hal_compiler_barrier
                0x000000001c002588        0x4 /home/xieyifan/gap/gap_sdk/examples/pmsis/helloworld/BUILD/GAP8_V2/GCC_RISCV_FREERTOS//home/xieyifan/gap/gap_sdk/rtos/freeRTOS/vendors/gwt/gap8/src/device/system_gap8.o
 .text.hal_write32
                0x000000001c00258c       0x1a /home/xieyifan/gap/gap_sdk/examples/pmsis/helloworld/BUILD/GAP8_V2/GCC_RISCV_FREERTOS//home/xieyifan/gap/gap_sdk/rtos/freeRTOS/vendors/gwt/gap8/src/device/system_gap8.o
 .text.pi_is_fc
                0x000000001c0025a6       0x10 /home/xieyifan/gap/gap_sdk/examples/pmsis/helloworld/BUILD/GAP8_V2/GCC_RISCV_FREERTOS//home/xieyifan/gap/gap_sdk/rtos/freeRTOS/vendors/gwt/gap8/src/device/system_gap8.o
 .text.hal_evt_read32
                0x000000001c0025b6       0x16 /home/xieyifan/gap/gap_sdk/examples/pmsis/helloworld/BUILD/GAP8_V2/GCC_RISCV_FREERTOS//home/xieyifan/gap/gap_sdk/rtos/freeRTOS/vendors/gwt/gap8/src/device/system_gap8.o
 .text.hal_eu_evt_mask_clr
                0x000000001c0025cc       0x12 /home/xieyifan/gap/gap_sdk/examples/pmsis/helloworld/BUILD/GAP8_V2/GCC_RISCV_FREERTOS//home/xieyifan/gap/gap_sdk/rtos/freeRTOS/vendors/gwt/gap8/src/device/system_gap8.o
 .text.hal_eu_evt_wait
                0x000000001c0025de       0x1a /home/xieyifan/gap/gap_sdk/examples/pmsis/helloworld/BUILD/GAP8_V2/GCC_RISCV_FREERTOS//home/xieyifan/gap/gap_sdk/rtos/freeRTOS/vendors/gwt/gap8/src/device/system_gap8.o
 .text.soc_ctrl_corestatus_set
                0x000000001c0025f8       0x22 /home/xieyifan/gap/gap_sdk/examples/pmsis/helloworld/BUILD/GAP8_V2/GCC_RISCV_FREERTOS//home/xieyifan/gap/gap_sdk/rtos/freeRTOS/vendors/gwt/gap8/src/device/system_gap8.o
 .text.__internal_semihost
                0x000000001c00261a       0x1e /home/xieyifan/gap/gap_sdk/examples/pmsis/helloworld/BUILD/GAP8_V2/GCC_RISCV_FREERTOS//home/xieyifan/gap/gap_sdk/rtos/freeRTOS/vendors/gwt/gap8/src/device/system_gap8.o
 .text.semihost_exit
                0x000000001c002638       0x16 /home/xieyifan/gap/gap_sdk/examples/pmsis/helloworld/BUILD/GAP8_V2/GCC_RISCV_FREERTOS//home/xieyifan/gap/gap_sdk/rtos/freeRTOS/vendors/gwt/gap8/src/device/system_gap8.o
 .text.system_init
                0x000000001c00264e       0x6a /home/xieyifan/gap/gap_sdk/examples/pmsis/helloworld/BUILD/GAP8_V2/GCC_RISCV_FREERTOS//home/xieyifan/gap/gap_sdk/rtos/freeRTOS/vendors/gwt/gap8/src/device/system_gap8.o
                0x000000001c00264e                system_init
 .text.system_setup_systick
                0x000000001c0026b8       0x78 /home/xieyifan/gap/gap_sdk/examples/pmsis/helloworld/BUILD/GAP8_V2/GCC_RISCV_FREERTOS//home/xieyifan/gap/gap_sdk/rtos/freeRTOS/vendors/gwt/gap8/src/device/system_gap8.o
                0x000000001c0026b8                system_setup_systick
 .text.system_core_clock_update
                0x000000001c002730       0xdc /home/xieyifan/gap/gap_sdk/examples/pmsis/helloworld/BUILD/GAP8_V2/GCC_RISCV_FREERTOS//home/xieyifan/gap/gap_sdk/rtos/freeRTOS/vendors/gwt/gap8/src/device/system_gap8.o
                0x000000001c002730                system_core_clock_update
 .text.system_exit
                0x000000001c00280c       0x3a /home/xieyifan/gap/gap_sdk/examples/pmsis/helloworld/BUILD/GAP8_V2/GCC_RISCV_FREERTOS//home/xieyifan/gap/gap_sdk/rtos/freeRTOS/vendors/gwt/gap8/src/device/system_gap8.o
                0x000000001c00280c                system_exit
 .text.__native_core_id
                0x000000001c002846       0x14 /home/xieyifan/gap/gap_sdk/examples/pmsis/helloworld/BUILD/GAP8_V2/GCC_RISCV_FREERTOS//home/xieyifan/gap/gap_sdk/rtos/freeRTOS/vendors/gwt/gap8/src/driver/gap_io.o
 .text.__native_cluster_id
                0x000000001c00285a       0x16 /home/xieyifan/gap/gap_sdk/examples/pmsis/helloworld/BUILD/GAP8_V2/GCC_RISCV_FREERTOS//home/xieyifan/gap/gap_sdk/rtos/freeRTOS/vendors/gwt/gap8/src/driver/gap_io.o
 .text.__native_is_fc
                0x000000001c002870       0x1a /home/xieyifan/gap/gap_sdk/examples/pmsis/helloworld/BUILD/GAP8_V2/GCC_RISCV_FREERTOS//home/xieyifan/gap/gap_sdk/rtos/freeRTOS/vendors/gwt/gap8/src/driver/gap_io.o
 .text.pi_core_id
                0x000000001c00288a       0x10 /home/xieyifan/gap/gap_sdk/examples/pmsis/helloworld/BUILD/GAP8_V2/GCC_RISCV_FREERTOS//home/xieyifan/gap/gap_sdk/rtos/freeRTOS/vendors/gwt/gap8/src/driver/gap_io.o
 .text.pi_cluster_id
                0x000000001c00289a       0x10 /home/xieyifan/gap/gap_sdk/examples/pmsis/helloworld/BUILD/GAP8_V2/GCC_RISCV_FREERTOS//home/xieyifan/gap/gap_sdk/rtos/freeRTOS/vendors/gwt/gap8/src/driver/gap_io.o
 .text.hal_evt_read32
                0x000000001c0028aa       0x16 /home/xieyifan/gap/gap_sdk/examples/pmsis/helloworld/BUILD/GAP8_V2/GCC_RISCV_FREERTOS//home/xieyifan/gap/gap_sdk/rtos/freeRTOS/vendors/gwt/gap8/src/driver/gap_io.o
 .text.hal_eu_evt_clr
                0x000000001c0028c0       0x12 /home/xieyifan/gap/gap_sdk/examples/pmsis/helloworld/BUILD/GAP8_V2/GCC_RISCV_FREERTOS//home/xieyifan/gap/gap_sdk/rtos/freeRTOS/vendors/gwt/gap8/src/driver/gap_io.o
 .text.hal_eu_evt_mask_set
                0x000000001c0028d2       0x12 /home/xieyifan/gap/gap_sdk/examples/pmsis/helloworld/BUILD/GAP8_V2/GCC_RISCV_FREERTOS//home/xieyifan/gap/gap_sdk/rtos/freeRTOS/vendors/gwt/gap8/src/driver/gap_io.o
 .text.hal_eu_evt_mask_clr
                0x000000001c0028e4       0x12 /home/xieyifan/gap/gap_sdk/examples/pmsis/helloworld/BUILD/GAP8_V2/GCC_RISCV_FREERTOS//home/xieyifan/gap/gap_sdk/rtos/freeRTOS/vendors/gwt/gap8/src/driver/gap_io.o
 .text.hal_eu_evt_wait_and_clr
                0x000000001c0028f6       0x1a /home/xieyifan/gap/gap_sdk/examples/pmsis/helloworld/BUILD/GAP8_V2/GCC_RISCV_FREERTOS//home/xieyifan/gap/gap_sdk/rtos/freeRTOS/vendors/gwt/gap8/src/driver/gap_io.o
 .text.hal_eu_evt_mask_wait_and_clr
                0x000000001c002910       0x1c /home/xieyifan/gap/gap_sdk/examples/pmsis/helloworld/BUILD/GAP8_V2/GCC_RISCV_FREERTOS//home/xieyifan/gap/gap_sdk/rtos/freeRTOS/vendors/gwt/gap8/src/driver/gap_io.o
 .text.hal_eu_cluster_evt_trig_set
                0x000000001c00292c       0x1e /home/xieyifan/gap/gap_sdk/examples/pmsis/helloworld/BUILD/GAP8_V2/GCC_RISCV_FREERTOS//home/xieyifan/gap/gap_sdk/rtos/freeRTOS/vendors/gwt/gap8/src/driver/gap_io.o
 .text.pi_task_callback
                0x000000001c00294a       0x42 /home/xieyifan/gap/gap_sdk/examples/pmsis/helloworld/BUILD/GAP8_V2/GCC_RISCV_FREERTOS//home/xieyifan/gap/gap_sdk/rtos/freeRTOS/vendors/gwt/gap8/src/driver/gap_io.o
 .text.__os_native_yield
                0x000000001c00298c        0xe /home/xieyifan/gap/gap_sdk/examples/pmsis/helloworld/BUILD/GAP8_V2/GCC_RISCV_FREERTOS//home/xieyifan/gap/gap_sdk/rtos/freeRTOS/vendors/gwt/gap8/src/driver/gap_io.o
 .text.pi_yield
                0x000000001c00299a        0xe /home/xieyifan/gap/gap_sdk/examples/pmsis/helloworld/BUILD/GAP8_V2/GCC_RISCV_FREERTOS//home/xieyifan/gap/gap_sdk/rtos/freeRTOS/vendors/gwt/gap8/src/driver/gap_io.o
 .text.__internal_semihost
                0x000000001c0029a8       0x1e /home/xieyifan/gap/gap_sdk/examples/pmsis/helloworld/BUILD/GAP8_V2/GCC_RISCV_FREERTOS//home/xieyifan/gap/gap_sdk/rtos/freeRTOS/vendors/gwt/gap8/src/driver/gap_io.o
 .text.semihost_write0
                0x000000001c0029c6       0x16 /home/xieyifan/gap/gap_sdk/examples/pmsis/helloworld/BUILD/GAP8_V2/GCC_RISCV_FREERTOS//home/xieyifan/gap/gap_sdk/rtos/freeRTOS/vendors/gwt/gap8/src/driver/gap_io.o
 .text.__semihost_buffer_write_exec
                0x000000001c0029dc       0x14 /home/xieyifan/gap/gap_sdk/examples/pmsis/helloworld/BUILD/GAP8_V2/GCC_RISCV_FREERTOS//home/xieyifan/gap/gap_sdk/rtos/freeRTOS/vendors/gwt/gap8/src/driver/gap_io.o
 .text.__semihost_putc_cluster_req
                0x000000001c0029f0       0x20 /home/xieyifan/gap/gap_sdk/examples/pmsis/helloworld/BUILD/GAP8_V2/GCC_RISCV_FREERTOS//home/xieyifan/gap/gap_sdk/rtos/freeRTOS/vendors/gwt/gap8/src/driver/gap_io.o
 .text.__semihost_putc
                0x000000001c002a10      0x172 /home/xieyifan/gap/gap_sdk/examples/pmsis/helloworld/BUILD/GAP8_V2/GCC_RISCV_FREERTOS//home/xieyifan/gap/gap_sdk/rtos/freeRTOS/vendors/gwt/gap8/src/driver/gap_io.o
 .text.__semihost_printf_flush
                0x000000001c002b82       0x6c /home/xieyifan/gap/gap_sdk/examples/pmsis/helloworld/BUILD/GAP8_V2/GCC_RISCV_FREERTOS//home/xieyifan/gap/gap_sdk/rtos/freeRTOS/vendors/gwt/gap8/src/driver/gap_io.o
 .text.__is_irq_mode
                0x000000001c002bee       0x38 /home/xieyifan/gap/gap_sdk/examples/pmsis/helloworld/BUILD/GAP8_V2/GCC_RISCV_FREERTOS//home/xieyifan/gap/gap_sdk/rtos/freeRTOS/vendors/gwt/gap8/src/driver/gap_io.o
 .text.__io_lock
                0x000000001c002c26       0x6a /home/xieyifan/gap/gap_sdk/examples/pmsis/helloworld/BUILD/GAP8_V2/GCC_RISCV_FREERTOS//home/xieyifan/gap/gap_sdk/rtos/freeRTOS/vendors/gwt/gap8/src/driver/gap_io.o
                0x000000001c002c26                __io_lock
 .text.__io_unlock
                0x000000001c002c90       0x50 /home/xieyifan/gap/gap_sdk/examples/pmsis/helloworld/BUILD/GAP8_V2/GCC_RISCV_FREERTOS//home/xieyifan/gap/gap_sdk/rtos/freeRTOS/vendors/gwt/gap8/src/driver/gap_io.o
                0x000000001c002c90                __io_unlock
 .text.tfp_putc
                0x000000001c002ce0       0x1c /home/xieyifan/gap/gap_sdk/examples/pmsis/helloworld/BUILD/GAP8_V2/GCC_RISCV_FREERTOS//home/xieyifan/gap/gap_sdk/rtos/freeRTOS/vendors/gwt/gap8/src/driver/gap_io.o
 .text._putchar
                0x000000001c002cfc       0x1c /home/xieyifan/gap/gap_sdk/examples/pmsis/helloworld/BUILD/GAP8_V2/GCC_RISCV_FREERTOS//home/xieyifan/gap/gap_sdk/rtos/freeRTOS/vendors/gwt/gap8/src/driver/gap_io.o
                0x000000001c002cfc                _putchar
 .text.system_exit_printf_flush
                0x000000001c002d18       0x1a /home/xieyifan/gap/gap_sdk/examples/pmsis/helloworld/BUILD/GAP8_V2/GCC_RISCV_FREERTOS//home/xieyifan/gap/gap_sdk/rtos/freeRTOS/vendors/gwt/gap8/src/driver/gap_io.o
                0x000000001c002d18                system_exit_printf_flush
 .text.exit     0x000000001c002d32        0xe /home/xieyifan/gap/gap_sdk/examples/pmsis/helloworld/BUILD/GAP8_V2/GCC_RISCV_FREERTOS//home/xieyifan/gap/gap_sdk/rtos/freeRTOS/vendors/gwt/libs/src/stdlib.o
                0x000000001c002d32                exit
 .text.memcpy   0x000000001c002d40       0x3e /home/xieyifan/gap/gap_sdk/examples/pmsis/helloworld/BUILD/GAP8_V2/GCC_RISCV_FREERTOS//home/xieyifan/gap/gap_sdk/rtos/freeRTOS/vendors/gwt/libs/src/string.o
                0x000000001c002d40                memcpy
 .text.memset   0x000000001c002d7e       0x36 /home/xieyifan/gap/gap_sdk/examples/pmsis/helloworld/BUILD/GAP8_V2/GCC_RISCV_FREERTOS//home/xieyifan/gap/gap_sdk/rtos/freeRTOS/vendors/gwt/libs/src/string.o
                0x000000001c002d7e                memset
 .text.__NVIC_EnableIRQ
                0x000000001c002db4       0x26 /home/xieyifan/gap/gap_sdk/examples/pmsis/helloworld/BUILD/GAP8_V2/GCC_RISCV_FREERTOS//home/xieyifan/gap/gap_sdk/rtos/freeRTOS/vendors/gwt/gap8/pmsis/cluster/drivers/cluster_synchronisation/cl_to_fc_delegate.o
 .text.hal_compiler_barrier
                0x000000001c002dda        0x4 /home/xieyifan/gap/gap_sdk/examples/pmsis/helloworld/BUILD/GAP8_V2/GCC_RISCV_FREERTOS//home/xieyifan/gap/gap_sdk/rtos/freeRTOS/vendors/gwt/gap8/pmsis/cluster/drivers/cluster_synchronisation/cl_to_fc_delegate.o
 .text.hal_write32
                0x000000001c002dde       0x1a /home/xieyifan/gap/gap_sdk/examples/pmsis/helloworld/BUILD/GAP8_V2/GCC_RISCV_FREERTOS//home/xieyifan/gap/gap_sdk/rtos/freeRTOS/vendors/gwt/gap8/pmsis/cluster/drivers/cluster_synchronisation/cl_to_fc_delegate.o
 .text.hal_evt_read32
                0x000000001c002df8       0x16 /home/xieyifan/gap/gap_sdk/examples/pmsis/helloworld/BUILD/GAP8_V2/GCC_RISCV_FREERTOS//home/xieyifan/gap/gap_sdk/rtos/freeRTOS/vendors/gwt/gap8/pmsis/cluster/drivers/cluster_synchronisation/cl_to_fc_delegate.o
 .text.hal_eu_evt_mask_set
                0x000000001c002e0e       0x12 /home/xieyifan/gap/gap_sdk/examples/pmsis/helloworld/BUILD/GAP8_V2/GCC_RISCV_FREERTOS//home/xieyifan/gap/gap_sdk/rtos/freeRTOS/vendors/gwt/gap8/pmsis/cluster/drivers/cluster_synchronisation/cl_to_fc_delegate.o
 .text.hal_eu_evt_mask_clr
                0x000000001c002e20       0x12 /home/xieyifan/gap/gap_sdk/examples/pmsis/helloworld/BUILD/GAP8_V2/GCC_RISCV_FREERTOS//home/xieyifan/gap/gap_sdk/rtos/freeRTOS/vendors/gwt/gap8/pmsis/cluster/drivers/cluster_synchronisation/cl_to_fc_delegate.o
 .text.hal_eu_evt_wait_and_clr
                0x000000001c002e32       0x1a /home/xieyifan/gap/gap_sdk/examples/pmsis/helloworld/BUILD/GAP8_V2/GCC_RISCV_FREERTOS//home/xieyifan/gap/gap_sdk/rtos/freeRTOS/vendors/gwt/gap8/pmsis/cluster/drivers/cluster_synchronisation/cl_to_fc_delegate.o
 .text.hal_eu_evt_mask_wait_and_clr
                0x000000001c002e4c       0x1c /home/xieyifan/gap/gap_sdk/examples/pmsis/helloworld/BUILD/GAP8_V2/GCC_RISCV_FREERTOS//home/xieyifan/gap/gap_sdk/rtos/freeRTOS/vendors/gwt/gap8/pmsis/cluster/drivers/cluster_synchronisation/cl_to_fc_delegate.o
 .text.hal_eu_cluster_evt_trig_set
                0x000000001c002e68       0x1e /home/xieyifan/gap/gap_sdk/examples/pmsis/helloworld/BUILD/GAP8_V2/GCC_RISCV_FREERTOS//home/xieyifan/gap/gap_sdk/rtos/freeRTOS/vendors/gwt/gap8/pmsis/cluster/drivers/cluster_synchronisation/cl_to_fc_delegate.o
 .text.hal_eu_fc_evt_trig_set
                0x000000001c002e86       0x26 /home/xieyifan/gap/gap_sdk/examples/pmsis/helloworld/BUILD/GAP8_V2/GCC_RISCV_FREERTOS//home/xieyifan/gap/gap_sdk/rtos/freeRTOS/vendors/gwt/gap8/pmsis/cluster/drivers/cluster_synchronisation/cl_to_fc_delegate.o
 .text.hal_eu_mutex_lock
                0x000000001c002eac       0x24 /home/xieyifan/gap/gap_sdk/examples/pmsis/helloworld/BUILD/GAP8_V2/GCC_RISCV_FREERTOS//home/xieyifan/gap/gap_sdk/rtos/freeRTOS/vendors/gwt/gap8/pmsis/cluster/drivers/cluster_synchronisation/cl_to_fc_delegate.o
 .text.hal_eu_mutex_unlock
                0x000000001c002ed0       0x1c /home/xieyifan/gap/gap_sdk/examples/pmsis/helloworld/BUILD/GAP8_V2/GCC_RISCV_FREERTOS//home/xieyifan/gap/gap_sdk/rtos/freeRTOS/vendors/gwt/gap8/pmsis/cluster/drivers/cluster_synchronisation/cl_to_fc_delegate.o
 .text.pi_task_push
                0x000000001c002eec       0x20 /home/xieyifan/gap/gap_sdk/examples/pmsis/helloworld/BUILD/GAP8_V2/GCC_RISCV_FREERTOS//home/xieyifan/gap/gap_sdk/rtos/freeRTOS/vendors/gwt/gap8/pmsis/cluster/drivers/cluster_synchronisation/cl_to_fc_delegate.o
 .text.__os_native_api_disable_irq
                0x000000001c002f0c       0x12 /home/xieyifan/gap/gap_sdk/examples/pmsis/helloworld/BUILD/GAP8_V2/GCC_RISCV_FREERTOS//home/xieyifan/gap/gap_sdk/rtos/freeRTOS/vendors/gwt/gap8/pmsis/cluster/drivers/cluster_synchronisation/cl_to_fc_delegate.o
 .text.__os_native_api_restore_irq
                0x000000001c002f1e       0x14 /home/xieyifan/gap/gap_sdk/examples/pmsis/helloworld/BUILD/GAP8_V2/GCC_RISCV_FREERTOS//home/xieyifan/gap/gap_sdk/rtos/freeRTOS/vendors/gwt/gap8/pmsis/cluster/drivers/cluster_synchronisation/cl_to_fc_delegate.o
 .text.pi_irq_disable
                0x000000001c002f32       0x12 /home/xieyifan/gap/gap_sdk/examples/pmsis/helloworld/BUILD/GAP8_V2/GCC_RISCV_FREERTOS//home/xieyifan/gap/gap_sdk/rtos/freeRTOS/vendors/gwt/gap8/pmsis/cluster/drivers/cluster_synchronisation/cl_to_fc_delegate.o
 .text.pi_irq_restore
                0x000000001c002f44       0x14 /home/xieyifan/gap/gap_sdk/examples/pmsis/helloworld/BUILD/GAP8_V2/GCC_RISCV_FREERTOS//home/xieyifan/gap/gap_sdk/rtos/freeRTOS/vendors/gwt/gap8/pmsis/cluster/drivers/cluster_synchronisation/cl_to_fc_delegate.o
 .text.cl_notify_fc_event_handler
                0x000000001c002f58       0xe8 /home/xieyifan/gap/gap_sdk/examples/pmsis/helloworld/BUILD/GAP8_V2/GCC_RISCV_FREERTOS//home/xieyifan/gap/gap_sdk/rtos/freeRTOS/vendors/gwt/gap8/pmsis/cluster/drivers/cluster_synchronisation/cl_to_fc_delegate.o
                0x000000001c002f58                cl_notify_fc_event_handler
 .text.pi_cl_send_task_to_fc
                0x000000001c003040       0x3c /home/xieyifan/gap/gap_sdk/examples/pmsis/helloworld/BUILD/GAP8_V2/GCC_RISCV_FREERTOS//home/xieyifan/gap/gap_sdk/rtos/freeRTOS/vendors/gwt/gap8/pmsis/cluster/drivers/cluster_synchronisation/cl_to_fc_delegate.o
                0x000000001c003040                pi_cl_send_task_to_fc
 .text.mc_fc_delegate_init
                0x000000001c00307c       0x12 /home/xieyifan/gap/gap_sdk/examples/pmsis/helloworld/BUILD/GAP8_V2/GCC_RISCV_FREERTOS//home/xieyifan/gap/gap_sdk/rtos/freeRTOS/vendors/gwt/gap8/pmsis/cluster/drivers/cluster_synchronisation/cl_to_fc_delegate.o
                0x000000001c00307c                mc_fc_delegate_init
 .text.__native_cluster_id
                0x000000001c00308e       0x16 /home/xieyifan/gap/gap_sdk/examples/pmsis/helloworld/BUILD/GAP8_V2/GCC_RISCV_FREERTOS//home/xieyifan/gap/gap_sdk/rtos/freeRTOS/vendors/gwt/gap8/pmsis/cluster/drivers/cluster_synchronisation/fc_to_cl_delegate.o
 .text.hal_compiler_barrier
                0x000000001c0030a4        0x4 /home/xieyifan/gap/gap_sdk/examples/pmsis/helloworld/BUILD/GAP8_V2/GCC_RISCV_FREERTOS//home/xieyifan/gap/gap_sdk/rtos/freeRTOS/vendors/gwt/gap8/pmsis/cluster/drivers/cluster_synchronisation/fc_to_cl_delegate.o
 .text.hal_write32
                0x000000001c0030a8       0x1a /home/xieyifan/gap/gap_sdk/examples/pmsis/helloworld/BUILD/GAP8_V2/GCC_RISCV_FREERTOS//home/xieyifan/gap/gap_sdk/rtos/freeRTOS/vendors/gwt/gap8/pmsis/cluster/drivers/cluster_synchronisation/fc_to_cl_delegate.o
 .text.pi_cl_cluster_nb_pe_cores
                0x000000001c0030c2        0x6 /home/xieyifan/gap/gap_sdk/examples/pmsis/helloworld/BUILD/GAP8_V2/GCC_RISCV_FREERTOS//home/xieyifan/gap/gap_sdk/rtos/freeRTOS/vendors/gwt/gap8/pmsis/cluster/drivers/cluster_synchronisation/fc_to_cl_delegate.o
 .text.pi_cl_cluster_nb_cores
                0x000000001c0030c8        0x6 /home/xieyifan/gap/gap_sdk/examples/pmsis/helloworld/BUILD/GAP8_V2/GCC_RISCV_FREERTOS//home/xieyifan/gap/gap_sdk/rtos/freeRTOS/vendors/gwt/gap8/pmsis/cluster/drivers/cluster_synchronisation/fc_to_cl_delegate.o
 .text.hal_eu_cluster_evt_trig_set
                0x000000001c0030ce       0x1e /home/xieyifan/gap/gap_sdk/examples/pmsis/helloworld/BUILD/GAP8_V2/GCC_RISCV_FREERTOS//home/xieyifan/gap/gap_sdk/rtos/freeRTOS/vendors/gwt/gap8/pmsis/cluster/drivers/cluster_synchronisation/fc_to_cl_delegate.o
 .text.hal_cl_ctrl_fetch_enable
                0x000000001c0030ec       0x3c /home/xieyifan/gap/gap_sdk/examples/pmsis/helloworld/BUILD/GAP8_V2/GCC_RISCV_FREERTOS//home/xieyifan/gap/gap_sdk/rtos/freeRTOS/vendors/gwt/gap8/pmsis/cluster/drivers/cluster_synchronisation/fc_to_cl_delegate.o
 .text.hal_cl_ctrl_boot_addr_set
                0x000000001c003128       0x40 /home/xieyifan/gap/gap_sdk/examples/pmsis/helloworld/BUILD/GAP8_V2/GCC_RISCV_FREERTOS//home/xieyifan/gap/gap_sdk/rtos/freeRTOS/vendors/gwt/gap8/pmsis/cluster/drivers/cluster_synchronisation/fc_to_cl_delegate.o
 .text.hal_cl_icache_enable
                0x000000001c003168       0x32 /home/xieyifan/gap/gap_sdk/examples/pmsis/helloworld/BUILD/GAP8_V2/GCC_RISCV_FREERTOS//home/xieyifan/gap/gap_sdk/rtos/freeRTOS/vendors/gwt/gap8/pmsis/cluster/drivers/cluster_synchronisation/fc_to_cl_delegate.o
 .text.pi_task_block
                0x000000001c00319a       0x16 /home/xieyifan/gap/gap_sdk/examples/pmsis/helloworld/BUILD/GAP8_V2/GCC_RISCV_FREERTOS//home/xieyifan/gap/gap_sdk/rtos/freeRTOS/vendors/gwt/gap8/pmsis/cluster/drivers/cluster_synchronisation/fc_to_cl_delegate.o
 .text.pi_task_wait_on
                0x000000001c0031b0       0x14 /home/xieyifan/gap/gap_sdk/examples/pmsis/helloworld/BUILD/GAP8_V2/GCC_RISCV_FREERTOS//home/xieyifan/gap/gap_sdk/rtos/freeRTOS/vendors/gwt/gap8/pmsis/cluster/drivers/cluster_synchronisation/fc_to_cl_delegate.o
 .text.pi_task_destroy
                0x000000001c0031c4       0x14 /home/xieyifan/gap/gap_sdk/examples/pmsis/helloworld/BUILD/GAP8_V2/GCC_RISCV_FREERTOS//home/xieyifan/gap/gap_sdk/rtos/freeRTOS/vendors/gwt/gap8/pmsis/cluster/drivers/cluster_synchronisation/fc_to_cl_delegate.o
 .text.__os_native_api_mutex_lock
                0x000000001c0031d8       0x16 /home/xieyifan/gap/gap_sdk/examples/pmsis/helloworld/BUILD/GAP8_V2/GCC_RISCV_FREERTOS//home/xieyifan/gap/gap_sdk/rtos/freeRTOS/vendors/gwt/gap8/pmsis/cluster/drivers/cluster_synchronisation/fc_to_cl_delegate.o
 .text.__os_native_api_mutex_release
                0x000000001c0031ee       0x2e /home/xieyifan/gap/gap_sdk/examples/pmsis/helloworld/BUILD/GAP8_V2/GCC_RISCV_FREERTOS//home/xieyifan/gap/gap_sdk/rtos/freeRTOS/vendors/gwt/gap8/pmsis/cluster/drivers/cluster_synchronisation/fc_to_cl_delegate.o
 .text.__os_native_api_mutex_init
                0x000000001c00321c       0x56 /home/xieyifan/gap/gap_sdk/examples/pmsis/helloworld/BUILD/GAP8_V2/GCC_RISCV_FREERTOS//home/xieyifan/gap/gap_sdk/rtos/freeRTOS/vendors/gwt/gap8/pmsis/cluster/drivers/cluster_synchronisation/fc_to_cl_delegate.o
 .text.__os_native_api_mutex_deinit
                0x000000001c003272       0x36 /home/xieyifan/gap/gap_sdk/examples/pmsis/helloworld/BUILD/GAP8_V2/GCC_RISCV_FREERTOS//home/xieyifan/gap/gap_sdk/rtos/freeRTOS/vendors/gwt/gap8/pmsis/cluster/drivers/cluster_synchronisation/fc_to_cl_delegate.o
 .text.pmsis_mutex_take
                0x000000001c0032a8       0x1c /home/xieyifan/gap/gap_sdk/examples/pmsis/helloworld/BUILD/GAP8_V2/GCC_RISCV_FREERTOS//home/xieyifan/gap/gap_sdk/rtos/freeRTOS/vendors/gwt/gap8/pmsis/cluster/drivers/cluster_synchronisation/fc_to_cl_delegate.o
 .text.pmsis_mutex_release
                0x000000001c0032c4       0x1e /home/xieyifan/gap/gap_sdk/examples/pmsis/helloworld/BUILD/GAP8_V2/GCC_RISCV_FREERTOS//home/xieyifan/gap/gap_sdk/rtos/freeRTOS/vendors/gwt/gap8/pmsis/cluster/drivers/cluster_synchronisation/fc_to_cl_delegate.o
 .text.pmsis_mutex_init
                0x000000001c0032e2       0x16 /home/xieyifan/gap/gap_sdk/examples/pmsis/helloworld/BUILD/GAP8_V2/GCC_RISCV_FREERTOS//home/xieyifan/gap/gap_sdk/rtos/freeRTOS/vendors/gwt/gap8/pmsis/cluster/drivers/cluster_synchronisation/fc_to_cl_delegate.o
 .text.pmsis_mutex_deinit
                0x000000001c0032f8       0x16 /home/xieyifan/gap/gap_sdk/examples/pmsis/helloworld/BUILD/GAP8_V2/GCC_RISCV_FREERTOS//home/xieyifan/gap/gap_sdk/rtos/freeRTOS/vendors/gwt/gap8/pmsis/cluster/drivers/cluster_synchronisation/fc_to_cl_delegate.o
 .text.cl_sync_init_spinlock
                0x000000001c00330e       0x26 /home/xieyifan/gap/gap_sdk/examples/pmsis/helloworld/BUILD/GAP8_V2/GCC_RISCV_FREERTOS//home/xieyifan/gap/gap_sdk/rtos/freeRTOS/vendors/gwt/gap8/pmsis/cluster/drivers/cluster_synchronisation/fc_to_cl_delegate.o
 .text.cl_sync_test_and_set_lock
                0x000000001c003334       0x1c /home/xieyifan/gap/gap_sdk/examples/pmsis/helloworld/BUILD/GAP8_V2/GCC_RISCV_FREERTOS//home/xieyifan/gap/gap_sdk/rtos/freeRTOS/vendors/gwt/gap8/pmsis/cluster/drivers/cluster_synchronisation/fc_to_cl_delegate.o
 .text.cl_sync_spinlock_take
                0x000000001c003350       0x1a /home/xieyifan/gap/gap_sdk/examples/pmsis/helloworld/BUILD/GAP8_V2/GCC_RISCV_FREERTOS//home/xieyifan/gap/gap_sdk/rtos/freeRTOS/vendors/gwt/gap8/pmsis/cluster/drivers/cluster_synchronisation/fc_to_cl_delegate.o
 .text.cl_sync_spinlock_release
                0x000000001c00336a       0x1a /home/xieyifan/gap/gap_sdk/examples/pmsis/helloworld/BUILD/GAP8_V2/GCC_RISCV_FREERTOS//home/xieyifan/gap/gap_sdk/rtos/freeRTOS/vendors/gwt/gap8/pmsis/cluster/drivers/cluster_synchronisation/fc_to_cl_delegate.o
 .text.cl_task_finish
                0x000000001c003384       0x3c /home/xieyifan/gap/gap_sdk/examples/pmsis/helloworld/BUILD/GAP8_V2/GCC_RISCV_FREERTOS//home/xieyifan/gap/gap_sdk/rtos/freeRTOS/vendors/gwt/gap8/pmsis/cluster/drivers/cluster_synchronisation/fc_to_cl_delegate.o
                0x000000001c003384                cl_task_finish
 .text.pi_cluster_open
                0x000000001c0033c0      0x1aa /home/xieyifan/gap/gap_sdk/examples/pmsis/helloworld/BUILD/GAP8_V2/GCC_RISCV_FREERTOS//home/xieyifan/gap/gap_sdk/rtos/freeRTOS/vendors/gwt/gap8/pmsis/cluster/drivers/cluster_synchronisation/fc_to_cl_delegate.o
                0x000000001c0033c0                pi_cluster_open
 .text.pi_cluster_open_async
                0x000000001c00356a       0xf8 /home/xieyifan/gap/gap_sdk/examples/pmsis/helloworld/BUILD/GAP8_V2/GCC_RISCV_FREERTOS//home/xieyifan/gap/gap_sdk/rtos/freeRTOS/vendors/gwt/gap8/pmsis/cluster/drivers/cluster_synchronisation/fc_to_cl_delegate.o
                0x000000001c00356a                pi_cluster_open_async
 .text.pi_cluster_close
                0x000000001c003662       0x8c /home/xieyifan/gap/gap_sdk/examples/pmsis/helloworld/BUILD/GAP8_V2/GCC_RISCV_FREERTOS//home/xieyifan/gap/gap_sdk/rtos/freeRTOS/vendors/gwt/gap8/pmsis/cluster/drivers/cluster_synchronisation/fc_to_cl_delegate.o
                0x000000001c003662                pi_cluster_close
 .text.pi_cluster_close_async
                0x000000001c0036ee        0xe /home/xieyifan/gap/gap_sdk/examples/pmsis/helloworld/BUILD/GAP8_V2/GCC_RISCV_FREERTOS//home/xieyifan/gap/gap_sdk/rtos/freeRTOS/vendors/gwt/gap8/pmsis/cluster/drivers/cluster_synchronisation/fc_to_cl_delegate.o
                0x000000001c0036ee                pi_cluster_close_async
 .text.pi_cluster_ioctl
                0x000000001c0036fc       0x6a /home/xieyifan/gap/gap_sdk/examples/pmsis/helloworld/BUILD/GAP8_V2/GCC_RISCV_FREERTOS//home/xieyifan/gap/gap_sdk/rtos/freeRTOS/vendors/gwt/gap8/pmsis/cluster/drivers/cluster_synchronisation/fc_to_cl_delegate.o
                0x000000001c0036fc                pi_cluster_ioctl
 .text.pi_cluster_ioctl_async
                0x000000001c003766       0x76 /home/xieyifan/gap/gap_sdk/examples/pmsis/helloworld/BUILD/GAP8_V2/GCC_RISCV_FREERTOS//home/xieyifan/gap/gap_sdk/rtos/freeRTOS/vendors/gwt/gap8/pmsis/cluster/drivers/cluster_synchronisation/fc_to_cl_delegate.o
                0x000000001c003766                pi_cluster_ioctl_async
 .text.__cluster_start
                0x000000001c0037dc      0x11a /home/xieyifan/gap/gap_sdk/examples/pmsis/helloworld/BUILD/GAP8_V2/GCC_RISCV_FREERTOS//home/xieyifan/gap/gap_sdk/rtos/freeRTOS/vendors/gwt/gap8/pmsis/cluster/drivers/cluster_synchronisation/fc_to_cl_delegate.o
 .text.__cluster_stop
                0x000000001c0038f6       0x42 /home/xieyifan/gap/gap_sdk/examples/pmsis/helloworld/BUILD/GAP8_V2/GCC_RISCV_FREERTOS//home/xieyifan/gap/gap_sdk/rtos/freeRTOS/vendors/gwt/gap8/pmsis/cluster/drivers/cluster_synchronisation/fc_to_cl_delegate.o
 .text.pi_push_cluster_task
                0x000000001c003938       0x4a /home/xieyifan/gap/gap_sdk/examples/pmsis/helloworld/BUILD/GAP8_V2/GCC_RISCV_FREERTOS//home/xieyifan/gap/gap_sdk/rtos/freeRTOS/vendors/gwt/gap8/pmsis/cluster/drivers/cluster_synchronisation/fc_to_cl_delegate.o
 .text.cl_pop_cluster_task
                0x000000001c003982       0x7e /home/xieyifan/gap/gap_sdk/examples/pmsis/helloworld/BUILD/GAP8_V2/GCC_RISCV_FREERTOS//home/xieyifan/gap/gap_sdk/rtos/freeRTOS/vendors/gwt/gap8/pmsis/cluster/drivers/cluster_synchronisation/fc_to_cl_delegate.o
 .text.__cluster_start_async
                0x000000001c003a00       0x12 /home/xieyifan/gap/gap_sdk/examples/pmsis/helloworld/BUILD/GAP8_V2/GCC_RISCV_FREERTOS//home/xieyifan/gap/gap_sdk/rtos/freeRTOS/vendors/gwt/gap8/pmsis/cluster/drivers/cluster_synchronisation/fc_to_cl_delegate.o
 .text.__pi_send_task_to_cl
                0x000000001c003a12       0xdc /home/xieyifan/gap/gap_sdk/examples/pmsis/helloworld/BUILD/GAP8_V2/GCC_RISCV_FREERTOS//home/xieyifan/gap/gap_sdk/rtos/freeRTOS/vendors/gwt/gap8/pmsis/cluster/drivers/cluster_synchronisation/fc_to_cl_delegate.o
 .text.pi_cluster_send_task_to_cl
                0x000000001c003aee       0x42 /home/xieyifan/gap/gap_sdk/examples/pmsis/helloworld/BUILD/GAP8_V2/GCC_RISCV_FREERTOS//home/xieyifan/gap/gap_sdk/rtos/freeRTOS/vendors/gwt/gap8/pmsis/cluster/drivers/cluster_synchronisation/fc_to_cl_delegate.o
                0x000000001c003aee                pi_cluster_send_task_to_cl
 .text.pi_cluster_is_on
                0x000000001c003b30       0x44 /home/xieyifan/gap/gap_sdk/examples/pmsis/helloworld/BUILD/GAP8_V2/GCC_RISCV_FREERTOS//home/xieyifan/gap/gap_sdk/rtos/freeRTOS/vendors/gwt/gap8/pmsis/cluster/drivers/cluster_synchronisation/fc_to_cl_delegate.o
                0x000000001c003b30                pi_cluster_is_on
 .text.pi_cluster_conf_init
                0x000000001c003b74       0x16 /home/xieyifan/gap/gap_sdk/examples/pmsis/helloworld/BUILD/GAP8_V2/GCC_RISCV_FREERTOS//home/xieyifan/gap/gap_sdk/rtos/freeRTOS/vendors/gwt/gap8/pmsis/cluster/drivers/cluster_synchronisation/fc_to_cl_delegate.o
                0x000000001c003b74                pi_cluster_conf_init
 .text.hal_compiler_barrier
                0x000000001c003b8a        0x4 /home/xieyifan/gap/gap_sdk/examples/pmsis/helloworld/BUILD/GAP8_V2/GCC_RISCV_FREERTOS//home/xieyifan/gap/gap_sdk/rtos/freeRTOS/vendors/gwt/gap8/pmsis/cluster/drivers/dma/cl_dma_irq.o
 .text.hal_write32
                0x000000001c003b8e       0x1a /home/xieyifan/gap/gap_sdk/examples/pmsis/helloworld/BUILD/GAP8_V2/GCC_RISCV_FREERTOS//home/xieyifan/gap/gap_sdk/rtos/freeRTOS/vendors/gwt/gap8/pmsis/cluster/drivers/dma/cl_dma_irq.o
 .text.hal_read32
                0x000000001c003ba8       0x1a /home/xieyifan/gap/gap_sdk/examples/pmsis/helloworld/BUILD/GAP8_V2/GCC_RISCV_FREERTOS//home/xieyifan/gap/gap_sdk/rtos/freeRTOS/vendors/gwt/gap8/pmsis/cluster/drivers/dma/cl_dma_irq.o
 .text.hal_eu_cluster_evt_trig_set
                0x000000001c003bc2       0x1e /home/xieyifan/gap/gap_sdk/examples/pmsis/helloworld/BUILD/GAP8_V2/GCC_RISCV_FREERTOS//home/xieyifan/gap/gap_sdk/rtos/freeRTOS/vendors/gwt/gap8/pmsis/cluster/drivers/dma/cl_dma_irq.o
 .text.cl_dma_cmd_set
                0x000000001c003be0       0x1e /home/xieyifan/gap/gap_sdk/examples/pmsis/helloworld/BUILD/GAP8_V2/GCC_RISCV_FREERTOS//home/xieyifan/gap/gap_sdk/rtos/freeRTOS/vendors/gwt/gap8/pmsis/cluster/drivers/dma/cl_dma_irq.o
 .text.cl_dma_cmd_get
                0x000000001c003bfe       0x18 /home/xieyifan/gap/gap_sdk/examples/pmsis/helloworld/BUILD/GAP8_V2/GCC_RISCV_FREERTOS//home/xieyifan/gap/gap_sdk/rtos/freeRTOS/vendors/gwt/gap8/pmsis/cluster/drivers/dma/cl_dma_irq.o
 .text.cl_dma_status_set
                0x000000001c003c16       0x1e /home/xieyifan/gap/gap_sdk/examples/pmsis/helloworld/BUILD/GAP8_V2/GCC_RISCV_FREERTOS//home/xieyifan/gap/gap_sdk/rtos/freeRTOS/vendors/gwt/gap8/pmsis/cluster/drivers/dma/cl_dma_irq.o
 .text.hal_cl_dma_tid_get
                0x000000001c003c34       0x14 /home/xieyifan/gap/gap_sdk/examples/pmsis/helloworld/BUILD/GAP8_V2/GCC_RISCV_FREERTOS//home/xieyifan/gap/gap_sdk/rtos/freeRTOS/vendors/gwt/gap8/pmsis/cluster/drivers/dma/cl_dma_irq.o
 .text.hal_cl_dma_1d_transfer_push
                0x000000001c003c48       0x1e /home/xieyifan/gap/gap_sdk/examples/pmsis/helloworld/BUILD/GAP8_V2/GCC_RISCV_FREERTOS//home/xieyifan/gap/gap_sdk/rtos/freeRTOS/vendors/gwt/gap8/pmsis/cluster/drivers/dma/cl_dma_irq.o
 .text.hal_cl_dma_tid_free
                0x000000001c003c66       0x20 /home/xieyifan/gap/gap_sdk/examples/pmsis/helloworld/BUILD/GAP8_V2/GCC_RISCV_FREERTOS//home/xieyifan/gap/gap_sdk/rtos/freeRTOS/vendors/gwt/gap8/pmsis/cluster/drivers/dma/cl_dma_irq.o
 .text.pi_cl_dma_2d_handler
                0x000000001c003c86       0xca /home/xieyifan/gap/gap_sdk/examples/pmsis/helloworld/BUILD/GAP8_V2/GCC_RISCV_FREERTOS//home/xieyifan/gap/gap_sdk/rtos/freeRTOS/vendors/gwt/gap8/pmsis/cluster/drivers/dma/cl_dma_irq.o
                0x000000001c003c86                pi_cl_dma_2d_handler
 .text.__NVIC_EnableIRQ
                0x000000001c003d50       0x26 /home/xieyifan/gap/gap_sdk/examples/pmsis/helloworld/BUILD/GAP8_V2/GCC_RISCV_FREERTOS//home/xieyifan/gap/gap_sdk/rtos/freeRTOS/vendors/gwt/gap8/pmsis/drivers/fc_event/fc_event.o
 .text.hal_compiler_barrier
                0x000000001c003d76        0x4 /home/xieyifan/gap/gap_sdk/examples/pmsis/helloworld/BUILD/GAP8_V2/GCC_RISCV_FREERTOS//home/xieyifan/gap/gap_sdk/rtos/freeRTOS/vendors/gwt/gap8/pmsis/drivers/fc_event/fc_event.o
 .text.hal_write32
                0x000000001c003d7a       0x1a /home/xieyifan/gap/gap_sdk/examples/pmsis/helloworld/BUILD/GAP8_V2/GCC_RISCV_FREERTOS//home/xieyifan/gap/gap_sdk/rtos/freeRTOS/vendors/gwt/gap8/pmsis/drivers/fc_event/fc_event.o
 .text.hal_read32
                0x000000001c003d94       0x1a /home/xieyifan/gap/gap_sdk/examples/pmsis/helloworld/BUILD/GAP8_V2/GCC_RISCV_FREERTOS//home/xieyifan/gap/gap_sdk/rtos/freeRTOS/vendors/gwt/gap8/pmsis/drivers/fc_event/fc_event.o
 .text.hal_eu_fc_evt_demux_trig_set
                0x000000001c003dae       0x26 /home/xieyifan/gap/gap_sdk/examples/pmsis/helloworld/BUILD/GAP8_V2/GCC_RISCV_FREERTOS//home/xieyifan/gap/gap_sdk/rtos/freeRTOS/vendors/gwt/gap8/pmsis/drivers/fc_event/fc_event.o
 .text.fc_event_null_event
                0x000000001c003dd4        0xa /home/xieyifan/gap/gap_sdk/examples/pmsis/helloworld/BUILD/GAP8_V2/GCC_RISCV_FREERTOS//home/xieyifan/gap/gap_sdk/rtos/freeRTOS/vendors/gwt/gap8/pmsis/drivers/fc_event/fc_event.o
 .text.pi_fc_event_handler_init
                0x000000001c003dde       0x2c /home/xieyifan/gap/gap_sdk/examples/pmsis/helloworld/BUILD/GAP8_V2/GCC_RISCV_FREERTOS//home/xieyifan/gap/gap_sdk/rtos/freeRTOS/vendors/gwt/gap8/pmsis/drivers/fc_event/fc_event.o
                0x000000001c003dde                pi_fc_event_handler_init
 .text.pi_fc_event_handler_set
                0x000000001c003e0a       0x1e /home/xieyifan/gap/gap_sdk/examples/pmsis/helloworld/BUILD/GAP8_V2/GCC_RISCV_FREERTOS//home/xieyifan/gap/gap_sdk/rtos/freeRTOS/vendors/gwt/gap8/pmsis/drivers/fc_event/fc_event.o
                0x000000001c003e0a                pi_fc_event_handler_set
 .text.pi_fc_event_handler_clear
                0x000000001c003e28       0x22 /home/xieyifan/gap/gap_sdk/examples/pmsis/helloworld/BUILD/GAP8_V2/GCC_RISCV_FREERTOS//home/xieyifan/gap/gap_sdk/rtos/freeRTOS/vendors/gwt/gap8/pmsis/drivers/fc_event/fc_event.o
                0x000000001c003e28                pi_fc_event_handler_clear
 .text.hal_compiler_barrier
                0x000000001c003e4a        0x4 /home/xieyifan/gap/gap_sdk/examples/pmsis/helloworld/BUILD/GAP8_V2/GCC_RISCV_FREERTOS//home/xieyifan/gap/gap_sdk/rtos/freeRTOS/vendors/gwt/gap8/pmsis/drivers/fll/fll.o
 .text.hal_write32
                0x000000001c003e4e       0x1a /home/xieyifan/gap/gap_sdk/examples/pmsis/helloworld/BUILD/GAP8_V2/GCC_RISCV_FREERTOS//home/xieyifan/gap/gap_sdk/rtos/freeRTOS/vendors/gwt/gap8/pmsis/drivers/fll/fll.o
 .text.hal_read32
                0x000000001c003e68       0x1a /home/xieyifan/gap/gap_sdk/examples/pmsis/helloworld/BUILD/GAP8_V2/GCC_RISCV_FREERTOS//home/xieyifan/gap/gap_sdk/rtos/freeRTOS/vendors/gwt/gap8/pmsis/drivers/fll/fll.o
 .text.fll_ctrl_status_get
                0x000000001c003e82       0x16 /home/xieyifan/gap/gap_sdk/examples/pmsis/helloworld/BUILD/GAP8_V2/GCC_RISCV_FREERTOS//home/xieyifan/gap/gap_sdk/rtos/freeRTOS/vendors/gwt/gap8/pmsis/drivers/fll/fll.o
 .text.fll_ctrl_conf1_get
                0x000000001c003e98       0x18 /home/xieyifan/gap/gap_sdk/examples/pmsis/helloworld/BUILD/GAP8_V2/GCC_RISCV_FREERTOS//home/xieyifan/gap/gap_sdk/rtos/freeRTOS/vendors/gwt/gap8/pmsis/drivers/fll/fll.o
 .text.fll_ctrl_conf1_set
                0x000000001c003eb0       0x1a /home/xieyifan/gap/gap_sdk/examples/pmsis/helloworld/BUILD/GAP8_V2/GCC_RISCV_FREERTOS//home/xieyifan/gap/gap_sdk/rtos/freeRTOS/vendors/gwt/gap8/pmsis/drivers/fll/fll.o
 .text.fll_ctrl_conf2_set
                0x000000001c003eca       0x1a /home/xieyifan/gap/gap_sdk/examples/pmsis/helloworld/BUILD/GAP8_V2/GCC_RISCV_FREERTOS//home/xieyifan/gap/gap_sdk/rtos/freeRTOS/vendors/gwt/gap8/pmsis/drivers/fll/fll.o
 .text.fll_ctrl_integrator_set
                0x000000001c003ee4       0x1a /home/xieyifan/gap/gap_sdk/examples/pmsis/helloworld/BUILD/GAP8_V2/GCC_RISCV_FREERTOS//home/xieyifan/gap/gap_sdk/rtos/freeRTOS/vendors/gwt/gap8/pmsis/drivers/fll/fll.o
 .text.hal_fll_status_mult_factor_get
                0x000000001c003efe       0x30 /home/xieyifan/gap/gap_sdk/examples/pmsis/helloworld/BUILD/GAP8_V2/GCC_RISCV_FREERTOS//home/xieyifan/gap/gap_sdk/rtos/freeRTOS/vendors/gwt/gap8/pmsis/drivers/fll/fll.o
 .text.hal_fll_conf1_get
                0x000000001c003f2e       0x28 /home/xieyifan/gap/gap_sdk/examples/pmsis/helloworld/BUILD/GAP8_V2/GCC_RISCV_FREERTOS//home/xieyifan/gap/gap_sdk/rtos/freeRTOS/vendors/gwt/gap8/pmsis/drivers/fll/fll.o
 .text.hal_fll_conf1_mask_set
                0x000000001c003f56       0x2a /home/xieyifan/gap/gap_sdk/examples/pmsis/helloworld/BUILD/GAP8_V2/GCC_RISCV_FREERTOS//home/xieyifan/gap/gap_sdk/rtos/freeRTOS/vendors/gwt/gap8/pmsis/drivers/fll/fll.o
 .text.hal_fll_conf1_div_get
                0x000000001c003f80       0x2c /home/xieyifan/gap/gap_sdk/examples/pmsis/helloworld/BUILD/GAP8_V2/GCC_RISCV_FREERTOS//home/xieyifan/gap/gap_sdk/rtos/freeRTOS/vendors/gwt/gap8/pmsis/drivers/fll/fll.o
 .text.hal_fll_conf2_mask_set
                0x000000001c003fac       0x2a /home/xieyifan/gap/gap_sdk/examples/pmsis/helloworld/BUILD/GAP8_V2/GCC_RISCV_FREERTOS//home/xieyifan/gap/gap_sdk/rtos/freeRTOS/vendors/gwt/gap8/pmsis/drivers/fll/fll.o
 .text.hal_fll_integrator_set
                0x000000001c003fd6       0x2a /home/xieyifan/gap/gap_sdk/examples/pmsis/helloworld/BUILD/GAP8_V2/GCC_RISCV_FREERTOS//home/xieyifan/gap/gap_sdk/rtos/freeRTOS/vendors/gwt/gap8/pmsis/drivers/fll/fll.o
 .text.__pi_fll_mult_div_from_frequency_get
                0x000000001c004000       0x56 /home/xieyifan/gap/gap_sdk/examples/pmsis/helloworld/BUILD/GAP8_V2/GCC_RISCV_FREERTOS//home/xieyifan/gap/gap_sdk/rtos/freeRTOS/vendors/gwt/gap8/pmsis/drivers/fll/fll.o
 .text.__pi_fll_frequency_from_mult_div_get
                0x000000001c004056       0x22 /home/xieyifan/gap/gap_sdk/examples/pmsis/helloworld/BUILD/GAP8_V2/GCC_RISCV_FREERTOS//home/xieyifan/gap/gap_sdk/rtos/freeRTOS/vendors/gwt/gap8/pmsis/drivers/fll/fll.o
 .text.pi_fll_init
                0x000000001c004078       0xcc /home/xieyifan/gap/gap_sdk/examples/pmsis/helloworld/BUILD/GAP8_V2/GCC_RISCV_FREERTOS//home/xieyifan/gap/gap_sdk/rtos/freeRTOS/vendors/gwt/gap8/pmsis/drivers/fll/fll.o
                0x000000001c004078                pi_fll_init
 .text.pi_fll_frequency_set
                0x000000001c004144       0xd4 /home/xieyifan/gap/gap_sdk/examples/pmsis/helloworld/BUILD/GAP8_V2/GCC_RISCV_FREERTOS//home/xieyifan/gap/gap_sdk/rtos/freeRTOS/vendors/gwt/gap8/pmsis/drivers/fll/fll.o
                0x000000001c004144                pi_fll_frequency_set
 .text.pi_freq_callback_exec
                0x000000001c004218       0x2e /home/xieyifan/gap/gap_sdk/examples/pmsis/helloworld/BUILD/GAP8_V2/GCC_RISCV_FREERTOS//home/xieyifan/gap/gap_sdk/rtos/freeRTOS/vendors/gwt/gap8/pmsis/drivers/fll/fll.o
                0x000000001c004218                pi_freq_callback_exec
 .text.hal_compiler_barrier
                0x000000001c004246        0x4 /home/xieyifan/gap/gap_sdk/examples/pmsis/helloworld/BUILD/GAP8_V2/GCC_RISCV_FREERTOS//home/xieyifan/gap/gap_sdk/rtos/freeRTOS/vendors/gwt/gap8/pmsis/drivers/pmu/pmu_internal.o
 .text.hal_write32
                0x000000001c00424a       0x1a /home/xieyifan/gap/gap_sdk/examples/pmsis/helloworld/BUILD/GAP8_V2/GCC_RISCV_FREERTOS//home/xieyifan/gap/gap_sdk/rtos/freeRTOS/vendors/gwt/gap8/pmsis/drivers/pmu/pmu_internal.o
 .text.hal_read32
                0x000000001c004264       0x1a /home/xieyifan/gap/gap_sdk/examples/pmsis/helloworld/BUILD/GAP8_V2/GCC_RISCV_FREERTOS//home/xieyifan/gap/gap_sdk/rtos/freeRTOS/vendors/gwt/gap8/pmsis/drivers/pmu/pmu_internal.o
 .text.soc_ctrl_cl_isolate_set
                0x000000001c00427e       0x1a /home/xieyifan/gap/gap_sdk/examples/pmsis/helloworld/BUILD/GAP8_V2/GCC_RISCV_FREERTOS//home/xieyifan/gap/gap_sdk/rtos/freeRTOS/vendors/gwt/gap8/pmsis/drivers/pmu/pmu_internal.o
 .text.soc_ctrl_cl_bypass_set
                0x000000001c004298       0x1a /home/xieyifan/gap/gap_sdk/examples/pmsis/helloworld/BUILD/GAP8_V2/GCC_RISCV_FREERTOS//home/xieyifan/gap/gap_sdk/rtos/freeRTOS/vendors/gwt/gap8/pmsis/drivers/pmu/pmu_internal.o
 .text.soc_ctrl_cl_bypass_get
                0x000000001c0042b2       0x18 /home/xieyifan/gap/gap_sdk/examples/pmsis/helloworld/BUILD/GAP8_V2/GCC_RISCV_FREERTOS//home/xieyifan/gap/gap_sdk/rtos/freeRTOS/vendors/gwt/gap8/pmsis/drivers/pmu/pmu_internal.o
 .text.soc_ctrl_safe_pmu_rar_get
                0x000000001c0042ca       0x18 /home/xieyifan/gap/gap_sdk/examples/pmsis/helloworld/BUILD/GAP8_V2/GCC_RISCV_FREERTOS//home/xieyifan/gap/gap_sdk/rtos/freeRTOS/vendors/gwt/gap8/pmsis/drivers/pmu/pmu_internal.o
 .text.soc_ctrl_safe_pmu_sleepctrl_get
                0x000000001c0042e2       0x18 /home/xieyifan/gap/gap_sdk/examples/pmsis/helloworld/BUILD/GAP8_V2/GCC_RISCV_FREERTOS//home/xieyifan/gap/gap_sdk/rtos/freeRTOS/vendors/gwt/gap8/pmsis/drivers/pmu/pmu_internal.o
 .text.hal_soc_ctrl_cl_isolate_set
                0x000000001c0042fa       0x1e /home/xieyifan/gap/gap_sdk/examples/pmsis/helloworld/BUILD/GAP8_V2/GCC_RISCV_FREERTOS//home/xieyifan/gap/gap_sdk/rtos/freeRTOS/vendors/gwt/gap8/pmsis/drivers/pmu/pmu_internal.o
 .text.hal_soc_ctrl_cl_bypass_get
                0x000000001c004318       0x10 /home/xieyifan/gap/gap_sdk/examples/pmsis/helloworld/BUILD/GAP8_V2/GCC_RISCV_FREERTOS//home/xieyifan/gap/gap_sdk/rtos/freeRTOS/vendors/gwt/gap8/pmsis/drivers/pmu/pmu_internal.o
 .text.hal_soc_ctrl_cl_bypass_mask_set
                0x000000001c004328       0x12 /home/xieyifan/gap/gap_sdk/examples/pmsis/helloworld/BUILD/GAP8_V2/GCC_RISCV_FREERTOS//home/xieyifan/gap/gap_sdk/rtos/freeRTOS/vendors/gwt/gap8/pmsis/drivers/pmu/pmu_internal.o
 .text.hal_soc_ctrl_pmu_rar_get
                0x000000001c00433a       0x10 /home/xieyifan/gap/gap_sdk/examples/pmsis/helloworld/BUILD/GAP8_V2/GCC_RISCV_FREERTOS//home/xieyifan/gap/gap_sdk/rtos/freeRTOS/vendors/gwt/gap8/pmsis/drivers/pmu/pmu_internal.o
 .text.hal_soc_ctrl_pmu_sleepctrl_get
                0x000000001c00434a       0x10 /home/xieyifan/gap/gap_sdk/examples/pmsis/helloworld/BUILD/GAP8_V2/GCC_RISCV_FREERTOS//home/xieyifan/gap/gap_sdk/rtos/freeRTOS/vendors/gwt/gap8/pmsis/drivers/pmu/pmu_internal.o
 .text.pmu_dlc_dlc_imr_set
                0x000000001c00435a       0x1c /home/xieyifan/gap/gap_sdk/examples/pmsis/helloworld/BUILD/GAP8_V2/GCC_RISCV_FREERTOS//home/xieyifan/gap/gap_sdk/rtos/freeRTOS/vendors/gwt/gap8/pmsis/drivers/pmu/pmu_internal.o
 .text.pmu_dlc_dlc_ifr_set
                0x000000001c004376       0x1c /home/xieyifan/gap/gap_sdk/examples/pmsis/helloworld/BUILD/GAP8_V2/GCC_RISCV_FREERTOS//home/xieyifan/gap/gap_sdk/rtos/freeRTOS/vendors/gwt/gap8/pmsis/drivers/pmu/pmu_internal.o
 .text.hal_pmu_dlc_imr_mask_set
                0x000000001c004392       0x12 /home/xieyifan/gap/gap_sdk/examples/pmsis/helloworld/BUILD/GAP8_V2/GCC_RISCV_FREERTOS//home/xieyifan/gap/gap_sdk/rtos/freeRTOS/vendors/gwt/gap8/pmsis/drivers/pmu/pmu_internal.o
 .text.hal_pmu_dlc_ifr_mask_clear
                0x000000001c0043a4       0x12 /home/xieyifan/gap/gap_sdk/examples/pmsis/helloworld/BUILD/GAP8_V2/GCC_RISCV_FREERTOS//home/xieyifan/gap/gap_sdk/rtos/freeRTOS/vendors/gwt/gap8/pmsis/drivers/pmu/pmu_internal.o
 .text.hal_soc_eu_set_fc_mask
                0x000000001c0043b6       0x5a /home/xieyifan/gap/gap_sdk/examples/pmsis/helloworld/BUILD/GAP8_V2/GCC_RISCV_FREERTOS//home/xieyifan/gap/gap_sdk/rtos/freeRTOS/vendors/gwt/gap8/pmsis/drivers/pmu/pmu_internal.o
 .text.pi_task_block
                0x000000001c004410       0x16 /home/xieyifan/gap/gap_sdk/examples/pmsis/helloworld/BUILD/GAP8_V2/GCC_RISCV_FREERTOS//home/xieyifan/gap/gap_sdk/rtos/freeRTOS/vendors/gwt/gap8/pmsis/drivers/pmu/pmu_internal.o
 .text.pi_task_wait_on
                0x000000001c004426       0x14 /home/xieyifan/gap/gap_sdk/examples/pmsis/helloworld/BUILD/GAP8_V2/GCC_RISCV_FREERTOS//home/xieyifan/gap/gap_sdk/rtos/freeRTOS/vendors/gwt/gap8/pmsis/drivers/pmu/pmu_internal.o
 .text.__pi_pmu_handler
                0x000000001c00443a       0x32 /home/xieyifan/gap/gap_sdk/examples/pmsis/helloworld/BUILD/GAP8_V2/GCC_RISCV_FREERTOS//home/xieyifan/gap/gap_sdk/rtos/freeRTOS/vendors/gwt/gap8/pmsis/drivers/pmu/pmu_internal.o
 .text.__pi_pmu_task_fifo_enqueue
                0x000000001c00446c       0x54 /home/xieyifan/gap/gap_sdk/examples/pmsis/helloworld/BUILD/GAP8_V2/GCC_RISCV_FREERTOS//home/xieyifan/gap/gap_sdk/rtos/freeRTOS/vendors/gwt/gap8/pmsis/drivers/pmu/pmu_internal.o
 .text.__pi_pmu_task_fifo_pop
                0x000000001c0044c0       0x32 /home/xieyifan/gap/gap_sdk/examples/pmsis/helloworld/BUILD/GAP8_V2/GCC_RISCV_FREERTOS//home/xieyifan/gap/gap_sdk/rtos/freeRTOS/vendors/gwt/gap8/pmsis/drivers/pmu/pmu_internal.o
 .text.__pi_pmu_init
                0x000000001c0044f2      0x1ae /home/xieyifan/gap/gap_sdk/examples/pmsis/helloworld/BUILD/GAP8_V2/GCC_RISCV_FREERTOS//home/xieyifan/gap/gap_sdk/rtos/freeRTOS/vendors/gwt/gap8/pmsis/drivers/pmu/pmu_internal.o
                0x000000001c0044f2                __pi_pmu_init
 .text.__pi_pmu_cluster_power_on
                0x000000001c0046a0      0x136 /home/xieyifan/gap/gap_sdk/examples/pmsis/helloworld/BUILD/GAP8_V2/GCC_RISCV_FREERTOS//home/xieyifan/gap/gap_sdk/rtos/freeRTOS/vendors/gwt/gap8/pmsis/drivers/pmu/pmu_internal.o
                0x000000001c0046a0                __pi_pmu_cluster_power_on
 .text.__pi_pmu_cluster_power_off
                0x000000001c0047d6       0xcc /home/xieyifan/gap/gap_sdk/examples/pmsis/helloworld/BUILD/GAP8_V2/GCC_RISCV_FREERTOS//home/xieyifan/gap/gap_sdk/rtos/freeRTOS/vendors/gwt/gap8/pmsis/drivers/pmu/pmu_internal.o
                0x000000001c0047d6                __pi_pmu_cluster_power_off
 .text.hal_compiler_barrier
                0x000000001c0048a2        0x4 /home/xieyifan/gap/gap_sdk/examples/pmsis/helloworld/BUILD/GAP8_V2/GCC_RISCV_FREERTOS//home/xieyifan/gap/gap_sdk/rtos/freeRTOS/vendors/gwt/gap8/pmsis/drivers/timer/timer.o
 .text.hal_write32
                0x000000001c0048a6       0x1e /home/xieyifan/gap/gap_sdk/examples/pmsis/helloworld/BUILD/GAP8_V2/GCC_RISCV_FREERTOS//home/xieyifan/gap/gap_sdk/rtos/freeRTOS/vendors/gwt/gap8/pmsis/drivers/timer/timer.o
 .text.hal_read32
                0x000000001c0048c4       0x1e /home/xieyifan/gap/gap_sdk/examples/pmsis/helloworld/BUILD/GAP8_V2/GCC_RISCV_FREERTOS//home/xieyifan/gap/gap_sdk/rtos/freeRTOS/vendors/gwt/gap8/pmsis/drivers/timer/timer.o
 .text.timer_cfg_set
                0x000000001c0048e2       0x2c /home/xieyifan/gap/gap_sdk/examples/pmsis/helloworld/BUILD/GAP8_V2/GCC_RISCV_FREERTOS//home/xieyifan/gap/gap_sdk/rtos/freeRTOS/vendors/gwt/gap8/pmsis/drivers/timer/timer.o
 .text.timer_cfg_get
                0x000000001c00490e       0x2a /home/xieyifan/gap/gap_sdk/examples/pmsis/helloworld/BUILD/GAP8_V2/GCC_RISCV_FREERTOS//home/xieyifan/gap/gap_sdk/rtos/freeRTOS/vendors/gwt/gap8/pmsis/drivers/timer/timer.o
 .text.timer_cnt_set
                0x000000001c004938       0x2e /home/xieyifan/gap/gap_sdk/examples/pmsis/helloworld/BUILD/GAP8_V2/GCC_RISCV_FREERTOS//home/xieyifan/gap/gap_sdk/rtos/freeRTOS/vendors/gwt/gap8/pmsis/drivers/timer/timer.o
 .text.timer_cmp_set
                0x000000001c004966       0x2e /home/xieyifan/gap/gap_sdk/examples/pmsis/helloworld/BUILD/GAP8_V2/GCC_RISCV_FREERTOS//home/xieyifan/gap/gap_sdk/rtos/freeRTOS/vendors/gwt/gap8/pmsis/drivers/timer/timer.o
 .text.hal_timer_cfg_set
                0x000000001c004994       0x44 /home/xieyifan/gap/gap_sdk/examples/pmsis/helloworld/BUILD/GAP8_V2/GCC_RISCV_FREERTOS//home/xieyifan/gap/gap_sdk/rtos/freeRTOS/vendors/gwt/gap8/pmsis/drivers/timer/timer.o
 .text.hal_timer_stop_set
                0x000000001c0049d8       0x40 /home/xieyifan/gap/gap_sdk/examples/pmsis/helloworld/BUILD/GAP8_V2/GCC_RISCV_FREERTOS//home/xieyifan/gap/gap_sdk/rtos/freeRTOS/vendors/gwt/gap8/pmsis/drivers/timer/timer.o
 .text.pi_timer_init
                0x000000001c004a18       0x4e /home/xieyifan/gap/gap_sdk/examples/pmsis/helloworld/BUILD/GAP8_V2/GCC_RISCV_FREERTOS//home/xieyifan/gap/gap_sdk/rtos/freeRTOS/vendors/gwt/gap8/pmsis/drivers/timer/timer.o
                0x000000001c004a18                pi_timer_init
 .text.pi_timer_stop
                0x000000001c004a66       0x44 /home/xieyifan/gap/gap_sdk/examples/pmsis/helloworld/BUILD/GAP8_V2/GCC_RISCV_FREERTOS//home/xieyifan/gap/gap_sdk/rtos/freeRTOS/vendors/gwt/gap8/pmsis/drivers/timer/timer.o
                0x000000001c004a66                pi_timer_stop
 .text.hal_compiler_barrier
                0x000000001c004aaa        0x4 /home/xieyifan/gap/gap_sdk/examples/pmsis/helloworld/BUILD/GAP8_V2/GCC_RISCV_FREERTOS//home/xieyifan/gap/gap_sdk/rtos/freeRTOS/vendors/gwt/gap8/pmsis/drivers/udma/hyperbus/hyperbus_internal.o
 .text.hal_write32
                0x000000001c004aae       0x1e /home/xieyifan/gap/gap_sdk/examples/pmsis/helloworld/BUILD/GAP8_V2/GCC_RISCV_FREERTOS//home/xieyifan/gap/gap_sdk/rtos/freeRTOS/vendors/gwt/gap8/pmsis/drivers/udma/hyperbus/hyperbus_internal.o
 .text.udma_enqueue_channel
                0x000000001c004acc       0x6c /home/xieyifan/gap/gap_sdk/examples/pmsis/helloworld/BUILD/GAP8_V2/GCC_RISCV_FREERTOS//home/xieyifan/gap/gap_sdk/rtos/freeRTOS/vendors/gwt/gap8/pmsis/drivers/udma/hyperbus/hyperbus_internal.o
 .text.hyper_udma_channel_set
                0x000000001c004b38       0x2a /home/xieyifan/gap/gap_sdk/examples/pmsis/helloworld/BUILD/GAP8_V2/GCC_RISCV_FREERTOS//home/xieyifan/gap/gap_sdk/rtos/freeRTOS/vendors/gwt/gap8/pmsis/drivers/udma/hyperbus/hyperbus_internal.o
 .text.hyper_ext_addr_set
                0x000000001c004b62       0x1c /home/xieyifan/gap/gap_sdk/examples/pmsis/helloworld/BUILD/GAP8_V2/GCC_RISCV_FREERTOS//home/xieyifan/gap/gap_sdk/rtos/freeRTOS/vendors/gwt/gap8/pmsis/drivers/udma/hyperbus/hyperbus_internal.o
 .text.hal_hyper_enqueue
                0x000000001c004b7e       0x34 /home/xieyifan/gap/gap_sdk/examples/pmsis/helloworld/BUILD/GAP8_V2/GCC_RISCV_FREERTOS//home/xieyifan/gap/gap_sdk/rtos/freeRTOS/vendors/gwt/gap8/pmsis/drivers/udma/hyperbus/hyperbus_internal.o
 .text.l2_memcpy
                0x000000001c004bb2       0x1e /home/xieyifan/gap/gap_sdk/examples/pmsis/helloworld/BUILD/GAP8_V2/GCC_RISCV_FREERTOS//home/xieyifan/gap/gap_sdk/rtos/freeRTOS/vendors/gwt/gap8/pmsis/drivers/udma/hyperbus/hyperbus_internal.o
 .text.__pi_hyper_handle_end_of_task
                0x000000001c004bd0       0x4c /home/xieyifan/gap/gap_sdk/examples/pmsis/helloworld/BUILD/GAP8_V2/GCC_RISCV_FREERTOS//home/xieyifan/gap/gap_sdk/rtos/freeRTOS/vendors/gwt/gap8/pmsis/drivers/udma/hyperbus/hyperbus_internal.o
 .text.__pi_hyper_task_fifo_pop
                0x000000001c004c1c       0x42 /home/xieyifan/gap/gap_sdk/examples/pmsis/helloworld/BUILD/GAP8_V2/GCC_RISCV_FREERTOS//home/xieyifan/gap/gap_sdk/rtos/freeRTOS/vendors/gwt/gap8/pmsis/drivers/udma/hyperbus/hyperbus_internal.o
 .text.__pi_hyper_resume_emu_task
                0x000000001c004c5e       0x1a /home/xieyifan/gap/gap_sdk/examples/pmsis/helloworld/BUILD/GAP8_V2/GCC_RISCV_FREERTOS//home/xieyifan/gap/gap_sdk/rtos/freeRTOS/vendors/gwt/gap8/pmsis/drivers/udma/hyperbus/hyperbus_internal.o
 .text.__pi_hyper_copy_misaligned
                0x000000001c004c78       0x34 /home/xieyifan/gap/gap_sdk/examples/pmsis/helloworld/BUILD/GAP8_V2/GCC_RISCV_FREERTOS//home/xieyifan/gap/gap_sdk/rtos/freeRTOS/vendors/gwt/gap8/pmsis/drivers/udma/hyperbus/hyperbus_internal.o
 .text.__pi_hyper_copy_aligned
                0x000000001c004cac       0x46 /home/xieyifan/gap/gap_sdk/examples/pmsis/helloworld/BUILD/GAP8_V2/GCC_RISCV_FREERTOS//home/xieyifan/gap/gap_sdk/rtos/freeRTOS/vendors/gwt/gap8/pmsis/drivers/udma/hyperbus/hyperbus_internal.o
 .text.__pi_hyper_copy_exec
                0x000000001c004cf2       0x8a /home/xieyifan/gap/gap_sdk/examples/pmsis/helloworld/BUILD/GAP8_V2/GCC_RISCV_FREERTOS//home/xieyifan/gap/gap_sdk/rtos/freeRTOS/vendors/gwt/gap8/pmsis/drivers/udma/hyperbus/hyperbus_internal.o
 .text.__pi_hyper_copy_2d_exec
                0x000000001c004d7c       0x4e /home/xieyifan/gap/gap_sdk/examples/pmsis/helloworld/BUILD/GAP8_V2/GCC_RISCV_FREERTOS//home/xieyifan/gap/gap_sdk/rtos/freeRTOS/vendors/gwt/gap8/pmsis/drivers/udma/hyperbus/hyperbus_internal.o
 .text.__pi_hyper_resume_misaligned_write
                0x000000001c004dca      0x2a8 /home/xieyifan/gap/gap_sdk/examples/pmsis/helloworld/BUILD/GAP8_V2/GCC_RISCV_FREERTOS//home/xieyifan/gap/gap_sdk/rtos/freeRTOS/vendors/gwt/gap8/pmsis/drivers/udma/hyperbus/hyperbus_internal.o
 .text.__pi_hyper_resume_misaligned_read
                0x000000001c005072      0x24e /home/xieyifan/gap/gap_sdk/examples/pmsis/helloworld/BUILD/GAP8_V2/GCC_RISCV_FREERTOS//home/xieyifan/gap/gap_sdk/rtos/freeRTOS/vendors/gwt/gap8/pmsis/drivers/udma/hyperbus/hyperbus_internal.o
 .text.pi_log_default_vprintf
                0x000000001c0052c0       0x1c /home/xieyifan/gap/gap_sdk/examples/pmsis/helloworld/BUILD/GAP8_V2/GCC_RISCV_FREERTOS//home/xieyifan/gap/gap_sdk/rtos/freeRTOS/vendors/gwt/pmsis/rtos/pi_log.o
 .text.hal_compiler_barrier
                0x000000001c0052dc        0x4 /home/xieyifan/gap/gap_sdk/examples/pmsis/helloworld/BUILD/GAP8_V2/GCC_RISCV_FREERTOS//home/xieyifan/gap/gap_sdk/rtos/freeRTOS/vendors/gwt/pmsis/rtos/event_kernel/event_kernel.o
 .text.__os_native_api_disable_irq
                0x000000001c0052e0       0x12 /home/xieyifan/gap/gap_sdk/examples/pmsis/helloworld/BUILD/GAP8_V2/GCC_RISCV_FREERTOS//home/xieyifan/gap/gap_sdk/rtos/freeRTOS/vendors/gwt/pmsis/rtos/event_kernel/event_kernel.o
 .text.__os_native_api_restore_irq
                0x000000001c0052f2       0x14 /home/xieyifan/gap/gap_sdk/examples/pmsis/helloworld/BUILD/GAP8_V2/GCC_RISCV_FREERTOS//home/xieyifan/gap/gap_sdk/rtos/freeRTOS/vendors/gwt/pmsis/rtos/event_kernel/event_kernel.o
 .text.__os_native_api_sync_obj_init
                0x000000001c005306       0x1a /home/xieyifan/gap/gap_sdk/examples/pmsis/helloworld/BUILD/GAP8_V2/GCC_RISCV_FREERTOS//home/xieyifan/gap/gap_sdk/rtos/freeRTOS/vendors/gwt/pmsis/rtos/event_kernel/event_kernel.o
 .text.__os_native_api_sync_obj_take
                0x000000001c005320       0x18 /home/xieyifan/gap/gap_sdk/examples/pmsis/helloworld/BUILD/GAP8_V2/GCC_RISCV_FREERTOS//home/xieyifan/gap/gap_sdk/rtos/freeRTOS/vendors/gwt/pmsis/rtos/event_kernel/event_kernel.o
 .text.__os_native_api_sync_obj_release
                0x000000001c005338       0x3c /home/xieyifan/gap/gap_sdk/examples/pmsis/helloworld/BUILD/GAP8_V2/GCC_RISCV_FREERTOS//home/xieyifan/gap/gap_sdk/rtos/freeRTOS/vendors/gwt/pmsis/rtos/event_kernel/event_kernel.o
 .text.__os_native_api_create_task
                0x000000001c005374       0x38 /home/xieyifan/gap/gap_sdk/examples/pmsis/helloworld/BUILD/GAP8_V2/GCC_RISCV_FREERTOS//home/xieyifan/gap/gap_sdk/rtos/freeRTOS/vendors/gwt/pmsis/rtos/event_kernel/event_kernel.o
 .text.pmsis_task_create
                0x000000001c0053ac       0x26 /home/xieyifan/gap/gap_sdk/examples/pmsis/helloworld/BUILD/GAP8_V2/GCC_RISCV_FREERTOS//home/xieyifan/gap/gap_sdk/rtos/freeRTOS/vendors/gwt/pmsis/rtos/event_kernel/event_kernel.o
 .text.pi_irq_disable
                0x000000001c0053d2       0x16 /home/xieyifan/gap/gap_sdk/examples/pmsis/helloworld/BUILD/GAP8_V2/GCC_RISCV_FREERTOS//home/xieyifan/gap/gap_sdk/rtos/freeRTOS/vendors/gwt/pmsis/rtos/event_kernel/event_kernel.o
 .text.pi_irq_restore
                0x000000001c0053e8       0x18 /home/xieyifan/gap/gap_sdk/examples/pmsis/helloworld/BUILD/GAP8_V2/GCC_RISCV_FREERTOS//home/xieyifan/gap/gap_sdk/rtos/freeRTOS/vendors/gwt/pmsis/rtos/event_kernel/event_kernel.o
 .text.disable_irq
                0x000000001c005400       0x12 /home/xieyifan/gap/gap_sdk/examples/pmsis/helloworld/BUILD/GAP8_V2/GCC_RISCV_FREERTOS//home/xieyifan/gap/gap_sdk/rtos/freeRTOS/vendors/gwt/pmsis/rtos/event_kernel/event_kernel.o
 .text.restore_irq
                0x000000001c005412       0x14 /home/xieyifan/gap/gap_sdk/examples/pmsis/helloworld/BUILD/GAP8_V2/GCC_RISCV_FREERTOS//home/xieyifan/gap/gap_sdk/rtos/freeRTOS/vendors/gwt/pmsis/rtos/event_kernel/event_kernel.o
 .text.pi_sync_obj_init
                0x000000001c005426       0x1a /home/xieyifan/gap/gap_sdk/examples/pmsis/helloworld/BUILD/GAP8_V2/GCC_RISCV_FREERTOS//home/xieyifan/gap/gap_sdk/rtos/freeRTOS/vendors/gwt/pmsis/rtos/event_kernel/event_kernel.o
 .text.pi_sync_obj_take
                0x000000001c005440       0x18 /home/xieyifan/gap/gap_sdk/examples/pmsis/helloworld/BUILD/GAP8_V2/GCC_RISCV_FREERTOS//home/xieyifan/gap/gap_sdk/rtos/freeRTOS/vendors/gwt/pmsis/rtos/event_kernel/event_kernel.o
 .text.pi_sync_obj_release
                0x000000001c005458       0x18 /home/xieyifan/gap/gap_sdk/examples/pmsis/helloworld/BUILD/GAP8_V2/GCC_RISCV_FREERTOS//home/xieyifan/gap/gap_sdk/rtos/freeRTOS/vendors/gwt/pmsis/rtos/event_kernel/event_kernel.o
 .text.pmsis_event_wrap_get_kernel
                0x000000001c005470       0x12 /home/xieyifan/gap/gap_sdk/examples/pmsis/helloworld/BUILD/GAP8_V2/GCC_RISCV_FREERTOS//home/xieyifan/gap/gap_sdk/rtos/freeRTOS/vendors/gwt/pmsis/rtos/event_kernel/event_kernel.o
 .text.pmsis_event_wrap_get_scheduler
                0x000000001c005482       0x1a /home/xieyifan/gap/gap_sdk/examples/pmsis/helloworld/BUILD/GAP8_V2/GCC_RISCV_FREERTOS//home/xieyifan/gap/gap_sdk/rtos/freeRTOS/vendors/gwt/pmsis/rtos/event_kernel/event_kernel.o
 .text.pmsis_event_wrap_set_scheduler
                0x000000001c00549c       0x1e /home/xieyifan/gap/gap_sdk/examples/pmsis/helloworld/BUILD/GAP8_V2/GCC_RISCV_FREERTOS//home/xieyifan/gap/gap_sdk/rtos/freeRTOS/vendors/gwt/pmsis/rtos/event_kernel/event_kernel.o
 .text.pmsis_event_release
                0x000000001c0054ba       0x20 /home/xieyifan/gap/gap_sdk/examples/pmsis/helloworld/BUILD/GAP8_V2/GCC_RISCV_FREERTOS//home/xieyifan/gap/gap_sdk/rtos/freeRTOS/vendors/gwt/pmsis/rtos/event_kernel/event_kernel.o
 .text.pmsis_event_pop
                0x000000001c0054da       0x7e /home/xieyifan/gap/gap_sdk/examples/pmsis/helloworld/BUILD/GAP8_V2/GCC_RISCV_FREERTOS//home/xieyifan/gap/gap_sdk/rtos/freeRTOS/vendors/gwt/pmsis/rtos/event_kernel/event_kernel.o
 .text.pmsis_event_push
                0x000000001c005558       0x68 /home/xieyifan/gap/gap_sdk/examples/pmsis/helloworld/BUILD/GAP8_V2/GCC_RISCV_FREERTOS//home/xieyifan/gap/gap_sdk/rtos/freeRTOS/vendors/gwt/pmsis/rtos/event_kernel/event_kernel.o
                0x000000001c005558                pmsis_event_push
 .text.pmsis_event_kernel_init
                0x000000001c0055c0       0x8e /home/xieyifan/gap/gap_sdk/examples/pmsis/helloworld/BUILD/GAP8_V2/GCC_RISCV_FREERTOS//home/xieyifan/gap/gap_sdk/rtos/freeRTOS/vendors/gwt/pmsis/rtos/event_kernel/event_kernel.o
                0x000000001c0055c0                pmsis_event_kernel_init
 .text.pmsis_event_kernel_exec_event
                0x000000001c00564e       0x52 /home/xieyifan/gap/gap_sdk/examples/pmsis/helloworld/BUILD/GAP8_V2/GCC_RISCV_FREERTOS//home/xieyifan/gap/gap_sdk/rtos/freeRTOS/vendors/gwt/pmsis/rtos/event_kernel/event_kernel.o
 .text.pmsis_event_kernel_main
                0x000000001c0056a0       0x5a /home/xieyifan/gap/gap_sdk/examples/pmsis/helloworld/BUILD/GAP8_V2/GCC_RISCV_FREERTOS//home/xieyifan/gap/gap_sdk/rtos/freeRTOS/vendors/gwt/pmsis/rtos/event_kernel/event_kernel.o
                0x000000001c0056a0                pmsis_event_kernel_main